Archive member included to satisfy reference by file (symbol)

/opt/st/stm32cubeide_1.19.0/plugins/com.st.stm32cube.ide.mcu.externaltools.gnu-tools-for-stm32.13.3.rel1.linux64_1.0.0.202410170706/tools/bin/../lib/gcc/arm-none-eabi/13.3.1/../../../../arm-none-eabi/lib/thumb/v7-m/nofp/libc_nano.a(libc_a-exit.o)
                              /opt/st/stm32cubeide_1.19.0/plugins/com.st.stm32cube.ide.mcu.externaltools.gnu-tools-for-stm32.13.3.rel1.linux64_1.0.0.202410170706/tools/bin/../lib/gcc/arm-none-eabi/13.3.1/../../../../arm-none-eabi/lib/thumb/v7-m/nofp/crt0.o (exit)
/opt/st/stm32cubeide_1.19.0/plugins/com.st.stm32cube.ide.mcu.externaltools.gnu-tools-for-stm32.13.3.rel1.linux64_1.0.0.202410170706/tools/bin/../lib/gcc/arm-none-eabi/13.3.1/../../../../arm-none-eabi/lib/thumb/v7-m/nofp/libc_nano.a(libc_a-findfp.o)
                              /opt/st/stm32cubeide_1.19.0/plugins/com.st.stm32cube.ide.mcu.externaltools.gnu-tools-for-stm32.13.3.rel1.linux64_1.0.0.202410170706/tools/bin/../lib/gcc/arm-none-eabi/13.3.1/../../../../arm-none-eabi/lib/thumb/v7-m/nofp/libc_nano.a(libc_a-exit.o) (__stdio_exit_handler)
/opt/st/stm32cubeide_1.19.0/plugins/com.st.stm32cube.ide.mcu.externaltools.gnu-tools-for-stm32.13.3.rel1.linux64_1.0.0.202410170706/tools/bin/../lib/gcc/arm-none-eabi/13.3.1/../../../../arm-none-eabi/lib/thumb/v7-m/nofp/libc_nano.a(libc_a-fwalk.o)
                              /opt/st/stm32cubeide_1.19.0/plugins/com.st.stm32cube.ide.mcu.externaltools.gnu-tools-for-stm32.13.3.rel1.linux64_1.0.0.202410170706/tools/bin/../lib/gcc/arm-none-eabi/13.3.1/../../../../arm-none-eabi/lib/thumb/v7-m/nofp/libc_nano.a(libc_a-findfp.o) (_fwalk_sglue)
/opt/st/stm32cubeide_1.19.0/plugins/com.st.stm32cube.ide.mcu.externaltools.gnu-tools-for-stm32.13.3.rel1.linux64_1.0.0.202410170706/tools/bin/../lib/gcc/arm-none-eabi/13.3.1/../../../../arm-none-eabi/lib/thumb/v7-m/nofp/libc_nano.a(libc_a-stdio.o)
                              /opt/st/stm32cubeide_1.19.0/plugins/com.st.stm32cube.ide.mcu.externaltools.gnu-tools-for-stm32.13.3.rel1.linux64_1.0.0.202410170706/tools/bin/../lib/gcc/arm-none-eabi/13.3.1/../../../../arm-none-eabi/lib/thumb/v7-m/nofp/libc_nano.a(libc_a-findfp.o) (__sread)
/opt/st/stm32cubeide_1.19.0/plugins/com.st.stm32cube.ide.mcu.externaltools.gnu-tools-for-stm32.13.3.rel1.linux64_1.0.0.202410170706/tools/bin/../lib/gcc/arm-none-eabi/13.3.1/../../../../arm-none-eabi/lib/thumb/v7-m/nofp/libc_nano.a(libc_a-vsnprintf.o)
                              ./Core/Src/main.o (vsnprintf)
/opt/st/stm32cubeide_1.19.0/plugins/com.st.stm32cube.ide.mcu.externaltools.gnu-tools-for-stm32.13.3.rel1.linux64_1.0.0.202410170706/tools/bin/../lib/gcc/arm-none-eabi/13.3.1/../../../../arm-none-eabi/lib/thumb/v7-m/nofp/libc_nano.a(libc_a-memset.o)
                              /opt/st/stm32cubeide_1.19.0/plugins/com.st.stm32cube.ide.mcu.externaltools.gnu-tools-for-stm32.13.3.rel1.linux64_1.0.0.202410170706/tools/bin/../lib/gcc/arm-none-eabi/13.3.1/../../../../arm-none-eabi/lib/thumb/v7-m/nofp/crt0.o (memset)
/opt/st/stm32cubeide_1.19.0/plugins/com.st.stm32cube.ide.mcu.externaltools.gnu-tools-for-stm32.13.3.rel1.linux64_1.0.0.202410170706/tools/bin/../lib/gcc/arm-none-eabi/13.3.1/../../../../arm-none-eabi/lib/thumb/v7-m/nofp/libc_nano.a(libc_a-closer.o)
                              /opt/st/stm32cubeide_1.19.0/plugins/com.st.stm32cube.ide.mcu.externaltools.gnu-tools-for-stm32.13.3.rel1.linux64_1.0.0.202410170706/tools/bin/../lib/gcc/arm-none-eabi/13.3.1/../../../../arm-none-eabi/lib/thumb/v7-m/nofp/libc_nano.a(libc_a-stdio.o) (_close_r)
/opt/st/stm32cubeide_1.19.0/plugins/com.st.stm32cube.ide.mcu.externaltools.gnu-tools-for-stm32.13.3.rel1.linux64_1.0.0.202410170706/tools/bin/../lib/gcc/arm-none-eabi/13.3.1/../../../../arm-none-eabi/lib/thumb/v7-m/nofp/libc_nano.a(libc_a-reent.o)
                              /opt/st/stm32cubeide_1.19.0/plugins/com.st.stm32cube.ide.mcu.externaltools.gnu-tools-for-stm32.13.3.rel1.linux64_1.0.0.202410170706/tools/bin/../lib/gcc/arm-none-eabi/13.3.1/../../../../arm-none-eabi/lib/thumb/v7-m/nofp/libc_nano.a(libc_a-closer.o) (errno)
/opt/st/stm32cubeide_1.19.0/plugins/com.st.stm32cube.ide.mcu.externaltools.gnu-tools-for-stm32.13.3.rel1.linux64_1.0.0.202410170706/tools/bin/../lib/gcc/arm-none-eabi/13.3.1/../../../../arm-none-eabi/lib/thumb/v7-m/nofp/libc_nano.a(libc_a-impure.o)
                              /opt/st/stm32cubeide_1.19.0/plugins/com.st.stm32cube.ide.mcu.externaltools.gnu-tools-for-stm32.13.3.rel1.linux64_1.0.0.202410170706/tools/bin/../lib/gcc/arm-none-eabi/13.3.1/../../../../arm-none-eabi/lib/thumb/v7-m/nofp/libc_nano.a(libc_a-vsnprintf.o) (_impure_ptr)
/opt/st/stm32cubeide_1.19.0/plugins/com.st.stm32cube.ide.mcu.externaltools.gnu-tools-for-stm32.13.3.rel1.linux64_1.0.0.202410170706/tools/bin/../lib/gcc/arm-none-eabi/13.3.1/../../../../arm-none-eabi/lib/thumb/v7-m/nofp/libc_nano.a(libc_a-lseekr.o)
[...]
Memory Configuration

Name             Origin             Length             Attributes
RAM              0x20000000         0x00020000         xrw
FLASH            0x08000000         0x00100000         xr
*default*        0x00000000         0xffffffff

Linker script and memory map

LOAD /opt/st/stm32cubeide_1.19.0/plugins/com.st.stm32cube.ide.mcu.externaltools.gnu-tools-for-stm32.13.3.rel1.linux64_1.0.0.202410170706/tools/bin/../lib/gcc/arm-none-eabi/13.3.1/thumb/v7-m/nofp/crti.o
LOAD /opt/st/stm32cubeide_1.19.0/plugins/com.st.stm32cube.ide.mcu.externaltools.gnu-tools-for-stm32.13.3.rel1.linux64_1.0.0.202410170706/tools/bin/../lib/gcc/arm-none-eabi/13.3.1/thumb/v7-m/nofp/crtbegin.o
LOAD /opt/st/stm32cubeide_1.19.0/plugins/com.st.stm32cube.ide.mcu.externaltools.gnu-tools-for-stm32.13.3.rel1.linux64_1.0.0.202410170706/tools/bin/../lib/gcc/arm-none-eabi/13.3.1/../../../../arm-none-eabi/lib/thumb/v7-m/nofp/crt0.o
LOAD ./Core/Src/main.o
LOAD ./Core/Src/stm32f2xx_hal_msp.o
LOAD ./Core/Src/stm32f2xx_it.o
LOAD ./Core/Src/syscalls.o
LOAD ./Core/Src/sysmem.o
LOAD ./Core/Src/system_stm32f2xx.o
LOAD ./Core/Startup/startup_stm32f207zgtx.o
LOAD ./Drivers/STM32F2xx_HAL_Driver/Src/stm32f2xx_hal.o
LOAD ./Drivers/STM32F2xx_HAL_Driver/Src/stm32f2xx_hal_cortex.o
LOAD ./Drivers/STM32F2xx_HAL_Driver/Src/stm32f2xx_hal_dma.o
LOAD ./Drivers/STM32F2xx_HAL_Driver/Src/stm32f2xx_hal_dma_ex.o
LOAD ./Drivers/STM32F2xx_HAL_Driver/Src/stm32f2xx_hal_eth.o
LOAD ./Drivers/STM32F2xx_HAL_Driver/Src/stm32f2xx_hal_exti.o
LOAD ./Drivers/STM32F2xx_HAL_Driver/Src/stm32f2xx_hal_flash.o
LOAD ./Drivers/STM32F2xx_HAL_Driver/Src/stm32f2xx_hal_flash_ex.o
LOAD ./Drivers/STM32F2xx_HAL_Driver/Src/stm32f2xx_hal_gpio.o
LOAD ./Drivers/STM32F2xx_HAL_Driver/Src/stm32f2xx_hal_pcd.o
LOAD ./Drivers/STM32F2xx_HAL_Driver/Src/stm32f2xx_hal_pcd_ex.o
LOAD ./Drivers/STM32F2xx_HAL_Driver/Src/stm32f2xx_hal_pwr.o
LOAD ./Drivers/STM32F2xx_HAL_Driver/Src/stm32f2xx_hal_pwr_ex.o
LOAD ./Drivers/STM32F2xx_HAL_Driver/Src/stm32f2xx_hal_rcc.o
LOAD ./Drivers/STM32F2xx_HAL_Driver/Src/stm32f2xx_hal_rcc_ex.o
LOAD ./Drivers/STM32F2xx_HAL_Driver/Src/stm32f2xx_hal_uart.o
LOAD ./Drivers/STM32F2xx_HAL_Driver/Src/stm32f2xx_ll_usb.o
START GROUP
LOAD /opt/st/stm32cubeide_1.19.0/plugins/com.st.stm32cube.ide.mcu.externaltools.gnu-tools-for-stm32.13.3.rel1.linux64_1.0.0.202410170706/tools/bin/../lib/gcc/arm-none-eabi/13.3.1/../../../../arm-none-eabi/lib/thumb/v7-m/nofp/libc_nano.a
LOAD /opt/st/stm32cubeide_1.19.0/plugins/com.st.stm32cube.ide.mcu.externaltools.gnu-tools-for-stm32.13.3.rel1.linux64_1.0.0.202410170706/tools/bin/../lib/gcc/arm-none-eabi/13.3.1/../../../../arm-none-eabi/lib/thumb/v7-m/nofp/libm.a
END GROUP
START GROUP
LOAD /opt/st/stm32cubeide_1.19.0/plugins/com.st.stm32cube.ide.mcu.externaltools.gnu-tools-for-stm32.13.3.rel1.linux64_1.0.0.202410170706/tools/bin/../lib/gcc/arm-none-eabi/13.3.1/thumb/v7-m/nofp/libgcc.a
LOAD /opt/st/stm32cubeide_1.19.0/plugins/com.st.stm32cube.ide.mcu.externaltools.gnu-tools-for-stm32.13.3.rel1.linux64_1.0.0.202410170706/tools/bin/../lib/gcc/arm-none-eabi/13.3.1/../../../../arm-none-eabi/lib/thumb/v7-m/nofp/libc_nano.a
END GROUP
START GROUP
LOAD /opt/st/stm32cubeide_1.19.0/plugins/com.st.stm32cube.ide.mcu.externaltools.gnu-tools-for-stm32.13.3.rel1.linux64_1.0.0.202410170706/tools/bin/../lib/gcc/arm-none-eabi/13.3.1/thumb/v7-m/nofp/libgcc.a
LOAD /opt/st/stm32cubeide_1.19.0/plugins/com.st.stm32cube.ide.mcu.externaltools.gnu-tools-for-stm32.13.3.rel1.linux64_1.0.0.202410170706/tools/bin/../lib/gcc/arm-none-eabi/13.3.1/../../../../arm-none-eabi/lib/thumb/v7-m/nofp/libc_nano.a
LOAD /opt/st/stm32cubeide_1.19.0/plugins/com.st.stm32cube.ide.mcu.externaltools.gnu-tools-for-stm32.13.3.rel1.linux64_1.0.0.202410170706/tools/bin/../lib/gcc/arm-none-eabi/13.3.1/../../../../arm-none-eabi/lib/thumb/v7-m/nofp/libnosys.a
END GROUP
START GROUP
LOAD /opt/st/stm32cubeide_1.19.0/plugins/com.st.stm32cube.ide.mcu.externaltools.gnu-tools-for-stm32.13.3.rel1.linux64_1.0.0.202410170706/tools/bin/../lib/gcc/arm-none-eabi/13.3.1/thumb/v7-m/nofp/libgcc.a
LOAD /opt/st/stm32cubeide_1.19.0/plugins/com.st.stm32cube.ide.mcu.externaltools.gnu-tools-for-stm32.13.3.rel1.linux64_1.0.0.202410170706/tools/bin/../lib/gcc/arm-none-eabi/13.3.1/../../../../arm-none-eabi/lib/thumb/v7-m/nofp/libc_nano.a
LOAD /opt/st/stm32cubeide_1.19.0/plugins/com.st.stm32cube.ide.mcu.externaltools.gnu-tools-for-stm32.13.3.rel1.linux64_1.0.0.202410170706/tools/bin/../lib/gcc/arm-none-eabi/13.3.1/../../../../arm-none-eabi/lib/thumb/v7-m/nofp/libnosys.a
END GROUP
LOAD /opt/st/stm32cubeide_1.19.0/plugins/com.st.stm32cube.ide.mcu.externaltools.gnu-tools-for-stm32.13.3.rel1.linux64_1.0.0.202410170706/tools/bin/../lib/gcc/arm-none-eabi/13.3.1/thumb/v7-m/nofp/crtend.o
LOAD /opt/st/stm32cubeide_1.19.0/plugins/com.st.stm32cube.ide.mcu.externaltools.gnu-tools-for-stm32.13.3.rel1.linux64_1.0.0.202410170706/tools/bin/../lib/gcc/arm-none-eabi/13.3.1/thumb/v7-m/nofp/crtn.o
                0x20020000                        _estack = (ORIGIN (RAM) + LENGTH (RAM))
                0x00000200                        _Min_Heap_Size = 0x200
                0x00000400                        _Min_Stack_Size = 0x400

.isr_vector     0x08000000      0x184
                0x08000000                        . = ALIGN (0x4)
 *(.isr_vector)
 .isr_vector    0x08000000      0x184 ./Core/Startup/startup_stm32f207zgtx.o
                0x08000000                g_pfnVectors
                0x08000184                        . = ALIGN (0x4)

.text           0x08000184     0x478c
                0x08000184                        . = ALIGN (0x4)
 *(.text)
 .text          0x08000184       0x40 /opt/st/stm32cubeide_1.19.0/plugins/com.st.stm32cube.ide.mcu.externaltools.gnu-tools-for-stm32.13.3.rel1.linux64_1.0.0.202410170706/tools/bin/../lib/gcc/arm-none-eabi/13.3.1/thumb/v7-m/nofp/crtbegin.o
 .text          0x080001c4       0x10 /opt/st/stm32cubeide_1.19.0/plugins/com.st.stm32cube.ide.mcu.externaltools.gnu-tools-for-stm32.13.3.rel1.linux64_1.0.0.202410170706/tools/bin/../lib/gcc/arm-none-eabi/13.3.1/../../../../arm-none-eabi/lib/thumb/v7-m/nofp/libc_nano.a(libc_a-strlen.o)
                0x080001c4                strlen
 .text          0x080001d4       0x30 /opt/st/stm32cubeide_1.19.0/plugins/com.st.stm32cube.ide.mcu.externaltools.gnu-tools-for-stm32.13.3.rel1.linux64_1.0.0.202410170706/tools/bin/../lib/gcc/arm-none-eabi/13.3.1/thumb/v7-m/nofp/libgcc.a(_aeabi_uldivmod.o)
                0x080001d4                __aeabi_uldivmod
 .text          0x08000204      0x300 /opt/st/stm32cubeide_1.19.0/plugins/com.st.stm32cube.ide.mcu.externaltools.gnu-tools-for-stm32.13.3.rel1.linux64_1.0.0.202410170706/tools/bin/../lib/gcc/arm-none-eabi/13.3.1/thumb/v7-m/nofp/libgcc.a(_udivmoddi4.o)
                0x08000204                __udivmoddi4
 .text          0x08000504        0x4 /opt/st/stm32cubeide_1.19.0/plugins/com.st.stm32cube.ide.mcu.externaltools.gnu-tools-for-stm32.13.3.rel1.linux64_1.0.0.202410170706/tools/bin/../lib/gcc/arm-none-eabi/13.3.1/thumb/v7-m/nofp/libgcc.a(_dvmd_tls.o)
                0x08000504                __aeabi_ldiv0
                0x08000504                __aeabi_idiv0
 *(.text*)
 .text.UART3_Print
                0x08000508       0x28 ./Core/Src/main.o
 .text.UART3_Printf
                0x08000530       0x4c ./Core/Src/main.o
 .text.HAL_UART_RxCpltCallback
                0x0800057c      0x1d8 ./Core/Src/main.o
                0x0800057c                HAL_UART_RxCpltCallback
 .text.HAL_UART_TxCpltCallback
                0x08000754       0x58 ./Core/Src/main.o
                0x08000754                HAL_UART_TxCpltCallback
 .text.UART2_StartReceiveIT
                0x080007ac       0x48 ./Core/Src/main.o
                0x080007ac                UART2_StartReceiveIT
 .text.RS485_RX_Mode
                0x080007f4       0x20 ./Core/Src/main.o
                0x080007f4                RS485_RX_Mode
 .text.RS485_TX_Mode
                0x08000814       0x20 ./Core/Src/main.o
                0x08000814                RS485_TX_Mode
 .text.RS485_REV_RX_Mode
                0x08000834       0x20 ./Core/Src/main.o
                0x08000834                RS485_REV_RX_Mode
 .text.RS485_REV_TX_Mode
                0x08000854       0x20 ./Core/Src/main.o
                0x08000854                RS485_REV_TX_Mode
 .text.send_status_response
                0x08000874      0x190 ./Core/Src/main.o
                0x08000874                send_status_response
 .text.handle_status_request
                0x08000a04       0x70 ./Core/Src/main.o
                0x08000a04                handle_status_request
 .text.handle_data_packet
                0x08000a74       0xbc ./Core/Src/main.o
                0x08000a74                handle_data_packet
 .text.handle_status_request_reverse
                0x08000b30       0x78 ./Core/Src/main.o
                0x08000b30                handle_status_request_reverse
 .text.handle_data_packet_reverse
                0x08000ba8       0xfc ./Core/Src/main.o
                0x08000ba8                handle_data_packet_reverse
 .text.UART5_StartReceiveIT
                0x08000ca4       0x4c ./Core/Src/main.o
                0x08000ca4                UART5_StartReceiveIT
 .text.send_status_response_reverse
                0x08000cf0      0x184 ./Core/Src/main.o
                0x08000cf0                send_status_response_reverse
 .text.main     0x08000e74      0x220 ./Core/Src/main.o
                0x08000e74                main
 .text.SystemClock_Config
                0x08001094       0x8e ./Core/Src/main.o
                0x08001094                SystemClock_Config
 *fill*         0x08001122        0x2 
 .text.MX_UART5_Init
                0x08001124       0x54 ./Core/Src/main.o
 .text.MX_USART2_UART_Init
                0x08001178       0x54 ./Core/Src/main.o
 .text.MX_USART3_UART_Init
                0x080011cc       0x54 ./Core/Src/main.o
 .text.MX_USB_OTG_FS_PCD_Init
                0x08001220       0x54 ./Core/Src/main.o
 .text.MX_GPIO_Init
                0x08001274      0x184 ./Core/Src/main.o
 .text.Error_Handler
                0x080013f8        0xc ./Core/Src/main.o
                0x080013f8                Error_Handler
 .text.HAL_MspInit
                0x08001404       0x4c ./Core/Src/stm32f2xx_hal_msp.o
                0x08001404                HAL_MspInit
 .text.HAL_UART_MspInit
                0x08001450      0x204 ./Core/Src/stm32f2xx_hal_msp.o
                0x08001450                HAL_UART_MspInit
 .text.HAL_PCD_MspInit
                0x08001654       0xb4 ./Core/Src/stm32f2xx_hal_msp.o
                0x08001654                HAL_PCD_MspInit
 .text.NMI_Handler
                0x08001708        0x8 ./Core/Src/stm32f2xx_it.o
                0x08001708                NMI_Handler
 .text.HardFault_Handler
                0x08001710        0x8 ./Core/Src/stm32f2xx_it.o
                0x08001710                HardFault_Handler
 .text.MemManage_Handler
                0x08001718        0x8 ./Core/Src/stm32f2xx_it.o
                0x08001718                MemManage_Handler
 .text.BusFault_Handler
                0x08001720        0x8 ./Core/Src/stm32f2xx_it.o
                0x08001720                BusFault_Handler
 .text.UsageFault_Handler
                0x08001728        0x8 ./Core/Src/stm32f2xx_it.o
                0x08001728                UsageFault_Handler
 .text.SVC_Handler
                0x08001730        0xc ./Core/Src/stm32f2xx_it.o
                0x08001730                SVC_Handler
 .text.DebugMon_Handler
                0x0800173c        0xc ./Core/Src/stm32f2xx_it.o
                0x0800173c                DebugMon_Handler
 .text.PendSV_Handler
                0x08001748        0xc ./Core/Src/stm32f2xx_it.o
                0x08001748                PendSV_Handler
 .text.SysTick_Handler
                0x08001754        0xc ./Core/Src/stm32f2xx_it.o
                0x08001754                SysTick_Handler
 .text.USART2_IRQHandler
                0x08001760       0x14 ./Core/Src/stm32f2xx_it.o
                0x08001760                USART2_IRQHandler
 .text.UART5_IRQHandler
                0x08001774       0x14 ./Core/Src/stm32f2xx_it.o
                0x08001774                UART5_IRQHandler
 .text._sbrk    0x08001788       0x6c ./Core/Src/sysmem.o
                0x08001788                _sbrk
 .text.SystemInit
                0x080017f4        0xc ./Core/Src/system_stm32f2xx.o
                0x080017f4                SystemInit
 .text.Reset_Handler
                0x08001800       0x50 ./Core/Startup/startup_stm32f207zgtx.o
                0x08001800                Reset_Handler
 .text.Default_Handler
                0x08001850        0x2 ./Core/Startup/startup_stm32f207zgtx.o
                0x08001850                RTC_Alarm_IRQHandler
                0x08001850                HASH_RNG_IRQHandler
                0x08001850                EXTI2_IRQHandler
                0x08001850                TIM8_CC_IRQHandler
                0x08001850                TIM1_CC_IRQHandler
                0x08001850                DMA2_Stream5_IRQHandler
                0x08001850                DMA1_Stream5_IRQHandler
                0x08001850                PVD_IRQHandler
                0x08001850                SDIO_IRQHandler
                0x08001850                TAMP_STAMP_IRQHandler
                0x08001850                CAN2_RX1_IRQHandler
                0x08001850                EXTI3_IRQHandler
                0x08001850                TIM8_TRG_COM_TIM14_IRQHandler
                0x08001850                TIM1_UP_TIM10_IRQHandler
                0x08001850                TIM8_UP_TIM13_IRQHandler
                0x08001850                I2C3_ER_IRQHandler
                0x08001850                EXTI0_IRQHandler
                0x08001850                I2C2_EV_IRQHandler
                0x08001850                DMA1_Stream2_IRQHandler
                0x08001850                CAN1_RX0_IRQHandler
                0x08001850                OTG_HS_WKUP_IRQHandler
                0x08001850                CAN2_SCE_IRQHandler
                0x08001850                DMA2_Stream2_IRQHandler
                0x08001850                SPI1_IRQHandler
                0x08001850                TIM6_DAC_IRQHandler
                0x08001850                TIM1_BRK_TIM9_IRQHandler
                0x08001850                DCMI_IRQHandler
                0x08001850                CAN2_RX0_IRQHandler
                0x08001850                DMA2_Stream3_IRQHandler
                0x08001850                USART6_IRQHandler
                0x08001850                USART3_IRQHandler
                0x08001850                CAN1_RX1_IRQHandler
                0x08001850                DMA2_Stream0_IRQHandler
                0x08001850                TIM4_IRQHandler
                0x08001850                I2C1_EV_IRQHandler
                0x08001850                DMA1_Stream6_IRQHandler
                0x08001850                DMA1_Stream1_IRQHandler
                0x08001850                UART4_IRQHandler
                0x08001850                TIM3_IRQHandler
                0x08001850                RCC_IRQHandler
                0x08001850                TIM8_BRK_TIM12_IRQHandler
                0x08001850                Default_Handler
                0x08001850                EXTI15_10_IRQHandler
                0x08001850                ADC_IRQHandler
                0x08001850                DMA1_Stream7_IRQHandler
                0x08001850                TIM7_IRQHandler
                0x08001850                CAN2_TX_IRQHandler
                0x08001850                TIM5_IRQHandler
                0x08001850                DMA2_Stream7_IRQHandler
                0x08001850                I2C3_EV_IRQHandler
                0x08001850                EXTI9_5_IRQHandler
                0x08001850                RTC_WKUP_IRQHandler
                0x08001850                ETH_WKUP_IRQHandler
                0x08001850                SPI2_IRQHandler
                0x08001850                OTG_HS_EP1_IN_IRQHandler
                0x08001850                DMA1_Stream0_IRQHandler
                0x08001850                CAN1_TX_IRQHandler
                0x08001850                EXTI4_IRQHandler
                0x08001850                FSMC_IRQHandler
                0x08001850                ETH_IRQHandler
                0x08001850                OTG_HS_EP1_OUT_IRQHandler
                0x08001850                WWDG_IRQHandler
                0x08001850                TIM2_IRQHandler
                0x08001850                OTG_FS_WKUP_IRQHandler
                0x08001850                TIM1_TRG_COM_TIM11_IRQHandler
                0x08001850                OTG_HS_IRQHandler
                0x08001850                EXTI1_IRQHandler
                0x08001850                I2C2_ER_IRQHandler
                0x08001850                DMA2_Stream1_IRQHandler
                0x08001850                CAN1_SCE_IRQHandler
                0x08001850                FLASH_IRQHandler
                0x08001850                DMA2_Stream4_IRQHandler
                0x08001850                USART1_IRQHandler
                0x08001850                OTG_FS_IRQHandler
                0x08001850                SPI3_IRQHandler
                0x08001850                DMA1_Stream4_IRQHandler
                0x08001850                I2C1_ER_IRQHandler
                0x08001850                DMA2_Stream6_IRQHandler
                0x08001850                DMA1_Stream3_IRQHandler
 *fill*         0x08001852        0x2 
 .text.HAL_Init
                0x08001854       0x44 ./Drivers/STM32F2xx_HAL_Driver/Src/stm32f2xx_hal.o
                0x08001854                HAL_Init
 .text.HAL_InitTick
                0x08001898       0x60 ./Drivers/STM32F2xx_HAL_Driver/Src/stm32f2xx_hal.o
                0x08001898                HAL_InitTick
 .text.HAL_IncTick
                0x080018f8       0x24 ./Drivers/STM32F2xx_HAL_Driver/Src/stm32f2xx_hal.o
                0x080018f8                HAL_IncTick
 .text.HAL_GetTick
                0x0800191c       0x14 ./Drivers/STM32F2xx_HAL_Driver/Src/stm32f2xx_hal.o
                0x0800191c                HAL_GetTick
 .text.HAL_Delay
                0x08001930       0x48 ./Drivers/STM32F2xx_HAL_Driver/Src/stm32f2xx_hal.o
                0x08001930                HAL_Delay
 .text.__NVIC_SetPriorityGrouping
                0x08001978       0x48 ./Drivers/STM32F2xx_HAL_Driver/Src/stm32f2xx_hal_cortex.o
 .text.__NVIC_GetPriorityGrouping
                0x080019c0       0x1c ./Drivers/STM32F2xx_HAL_Driver/Src/stm32f2xx_hal_cortex.o
 .text.__NVIC_EnableIRQ
                0x080019dc       0x38 ./Drivers/STM32F2xx_HAL_Driver/Src/stm32f2xx_hal_cortex.o
 .text.__NVIC_SetPriority
                0x08001a14       0x54 ./Drivers/STM32F2xx_HAL_Driver/Src/stm32f2xx_hal_cortex.o
 .text.NVIC_EncodePriority
                0x08001a68       0x64 ./Drivers/STM32F2xx_HAL_Driver/Src/stm32f2xx_hal_cortex.o
 .text.SysTick_Config
                0x08001acc       0x44 ./Drivers/STM32F2xx_HAL_Driver/Src/stm32f2xx_hal_cortex.o
 .text.HAL_NVIC_SetPriorityGrouping
                0x08001b10       0x16 ./Drivers/STM32F2xx_HAL_Driver/Src/stm32f2xx_hal_cortex.o
                0x08001b10                HAL_NVIC_SetPriorityGrouping
 .text.HAL_NVIC_SetPriority
                0x08001b26       0x38 ./Drivers/STM32F2xx_HAL_Driver/Src/stm32f2xx_hal_cortex.o
                0x08001b26                HAL_NVIC_SetPriority
 .text.HAL_NVIC_EnableIRQ
                0x08001b5e       0x1c ./Drivers/STM32F2xx_HAL_Driver/Src/stm32f2xx_hal_cortex.o
                0x08001b5e                HAL_NVIC_EnableIRQ
 .text.HAL_SYSTICK_Config
                0x08001b7a       0x18 ./Drivers/STM32F2xx_HAL_Driver/Src/stm32f2xx_hal_cortex.o
                0x08001b7a                HAL_SYSTICK_Config
 .text.HAL_DMA_Abort
                0x08001b92       0xe0 ./Drivers/STM32F2xx_HAL_Driver/Src/stm32f2xx_hal_dma.o
                0x08001b92                HAL_DMA_Abort
 .text.HAL_DMA_Abort_IT
                0x08001c72       0x42 ./Drivers/STM32F2xx_HAL_Driver/Src/stm32f2xx_hal_dma.o
                0x08001c72                HAL_DMA_Abort_IT
 .text.HAL_GPIO_Init
                0x08001cb4      0x33c ./Drivers/STM32F2xx_HAL_Driver/Src/stm32f2xx_hal_gpio.o
                0x08001cb4                HAL_GPIO_Init
 .text.HAL_GPIO_ReadPin
                0x08001ff0       0x2e ./Drivers/STM32F2xx_HAL_Driver/Src/stm32f2xx_hal_gpio.o
                0x08001ff0                HAL_GPIO_ReadPin
 .text.HAL_GPIO_WritePin
                0x0800201e       0x30 ./Drivers/STM32F2xx_HAL_Driver/Src/stm32f2xx_hal_gpio.o
                0x0800201e                HAL_GPIO_WritePin
 .text.HAL_PCD_Init
                0x0800204e      0x21e ./Drivers/STM32F2xx_HAL_Driver/Src/stm32f2xx_hal_pcd.o
                0x0800204e                HAL_PCD_Init
 .text.HAL_RCC_OscConfig
                0x0800226c      0x4a8 ./Drivers/STM32F2xx_HAL_Driver/Src/stm32f2xx_hal_rcc.o
                0x0800226c                HAL_RCC_OscConfig
 .text.HAL_RCC_ClockConfig
                0x08002714      0x1d8 ./Drivers/STM32F2xx_HAL_Driver/Src/stm32f2xx_hal_rcc.o
                0x08002714                HAL_RCC_ClockConfig
 .text.HAL_RCC_GetSysClockFreq
                0x080028ec      0x218 ./Drivers/STM32F2xx_HAL_Driver/Src/stm32f2xx_hal_rcc.o
                0x080028ec                HAL_RCC_GetSysClockFreq
 .text.HAL_RCC_GetHCLKFreq
                0x08002b04       0x14 ./Drivers/STM32F2xx_HAL_Driver/Src/stm32f2xx_hal_rcc.o
                0x08002b04                HAL_RCC_GetHCLKFreq
 .text.HAL_RCC_GetPCLK1Freq
                0x08002b18       0x44 ./Drivers/STM32F2xx_HAL_Driver/Src/stm32f2xx_hal_rcc.o
                0x08002b18                HAL_RCC_GetPCLK1Freq
 .text.HAL_RCC_GetPCLK2Freq
                0x08002b5c       0x44 ./Drivers/STM32F2xx_HAL_Driver/Src/stm32f2xx_hal_rcc.o
                0x08002b5c                HAL_RCC_GetPCLK2Freq
 .text.HAL_UART_Init
                0x08002ba0       0xa0 ./Drivers/STM32F2xx_HAL_Driver/Src/stm32f2xx_hal_uart.o
                0x08002ba0                HAL_UART_Init
 .text.HAL_UART_Transmit
                0x08002c40      0x116 ./Drivers/STM32F2xx_HAL_Driver/Src/stm32f2xx_hal_uart.o
                0x08002c40                HAL_UART_Transmit
 .text.HAL_UART_Transmit_IT
                0x08002d56       0x6a ./Drivers/STM32F2xx_HAL_Driver/Src/stm32f2xx_hal_uart.o
                0x08002d56                HAL_UART_Transmit_IT
 .text.HAL_UART_Receive_IT
                0x08002dc0       0x4a ./Drivers/STM32F2xx_HAL_Driver/Src/stm32f2xx_hal_uart.o
                0x08002dc0                HAL_UART_Receive_IT
 *fill*         0x08002e0a        0x2 
 .text.HAL_UART_IRQHandler
                0x08002e0c      0x524 ./Drivers/STM32F2xx_HAL_Driver/Src/stm32f2xx_hal_uart.o
                0x08002e0c                HAL_UART_IRQHandler
 .text.HAL_UART_ErrorCallback
                0x08003330       0x12 ./Drivers/STM32F2xx_HAL_Driver/Src/stm32f2xx_hal_uart.o
                0x08003330                HAL_UART_ErrorCallback
 .text.HAL_UARTEx_RxEventCallback
                0x08003342       0x16 ./Drivers/STM32F2xx_HAL_Driver/Src/stm32f2xx_hal_uart.o
                0x08003342                HAL_UARTEx_RxEventCallback
 .text.UART_WaitOnFlagUntilTimeout
                0x08003358       0xb2 ./Drivers/STM32F2xx_HAL_Driver/Src/stm32f2xx_hal_uart.o
 .text.UART_Start_Receive_IT
                0x0800340a       0x72 ./Drivers/STM32F2xx_HAL_Driver/Src/stm32f2xx_hal_uart.o
                0x0800340a                UART_Start_Receive_IT
 .text.UART_EndRxTransfer
                0x0800347c       0xc4 ./Drivers/STM32F2xx_HAL_Driver/Src/stm32f2xx_hal_uart.o
 .text.UART_DMAAbortOnError
                0x08003540       0x28 ./Drivers/STM32F2xx_HAL_Driver/Src/stm32f2xx_hal_uart.o
 .text.UART_Transmit_IT
                0x08003568       0x9e ./Drivers/STM32F2xx_HAL_Driver/Src/stm32f2xx_hal_uart.o
 .text.UART_EndTransmit_IT
                0x08003606       0x30 ./Drivers/STM32F2xx_HAL_Driver/Src/stm32f2xx_hal_uart.o
 .text.UART_Receive_IT
                0x08003636      0x17c ./Drivers/STM32F2xx_HAL_Driver/Src/stm32f2xx_hal_uart.o
 *fill*         0x080037b2        0x2 
 .text.UART_SetConfig
                0x080037b4      0x1d4 ./Drivers/STM32F2xx_HAL_Driver/Src/stm32f2xx_hal_uart.o
 .text.USB_CoreInit
                0x08003988       0xb2 ./Drivers/STM32F2xx_HAL_Driver/Src/stm32f2xx_ll_usb.o
                0x08003988                USB_CoreInit
 .text.USB_DisableGlobalInt
                0x08003a3a       0x20 ./Drivers/STM32F2xx_HAL_Driver/Src/stm32f2xx_ll_usb.o
                0x08003a3a                USB_DisableGlobalInt
 .text.USB_SetCurrentMode
                0x08003a5a       0x98 ./Drivers/STM32F2xx_HAL_Driver/Src/stm32f2xx_ll_usb.o
                0x08003a5a                USB_SetCurrentMode
 *fill*         0x08003af2        0x2 
 .text.USB_DevInit
                0x08003af4      0x2c8 ./Drivers/STM32F2xx_HAL_Driver/Src/stm32f2xx_ll_usb.o
                0x08003af4                USB_DevInit
 .text.USB_FlushTxFifo
                0x08003dbc       0x62 ./Drivers/STM32F2xx_HAL_Driver/Src/stm32f2xx_ll_usb.o
                0x08003dbc                USB_FlushTxFifo
 .text.USB_FlushRxFifo
                0x08003e1e       0x5a ./Drivers/STM32F2xx_HAL_Driver/Src/stm32f2xx_ll_usb.o
                0x08003e1e                USB_FlushRxFifo
 .text.USB_SetDevSpeed
                0x08003e78       0x30 ./Drivers/STM32F2xx_HAL_Driver/Src/stm32f2xx_ll_usb.o
                0x08003e78                USB_SetDevSpeed
 .text.USB_DevDisconnect
                0x08003ea8       0x40 ./Drivers/STM32F2xx_HAL_Driver/Src/stm32f2xx_ll_usb.o
                0x08003ea8                USB_DevDisconnect
 .text.USB_GetMode
                0x08003ee8       0x1a ./Drivers/STM32F2xx_HAL_Driver/Src/stm32f2xx_ll_usb.o
                0x08003ee8                USB_GetMode
 .text.USB_CoreReset
                0x08003f02       0x60 ./Drivers/STM32F2xx_HAL_Driver/Src/stm32f2xx_ll_usb.o
 .text._vsnprintf_r
                0x08003f62       0x5c /opt/st/stm32cubeide_1.19.0/plugins/com.st.stm32cube.ide.mcu.externaltools.gnu-tools-for-stm32.13.3.rel1.linux64_1.0.0.202410170706/tools/bin/../lib/gcc/arm-none-eabi/13.3.1/../../../../arm-none-eabi/lib/thumb/v7-m/nofp/libc_nano.a(libc_a-vsnprintf.o)
                0x08003f62                _vsnprintf_r
                0x08003f62                _vsniprintf_r
 *fill*         0x08003fbe        0x2 
 .text.vsnprintf
                0x08003fc0       0x1c /opt/st/stm32cubeide_1.19.0/plugins/com.st.stm32cube.ide.mcu.externaltools.gnu-tools-for-stm32.13.3.rel1.linux64_1.0.0.202410170706/tools/bin/../lib/gcc/arm-none-eabi/13.3.1/../../../../arm-none-eabi/lib/thumb/v7-m/nofp/libc_nano.a(libc_a-vsnprintf.o)
                0x08003fc0                vsnprintf
                0x08003fc0                vsniprintf
 .text.memset   0x08003fdc       0x10 /opt/st/stm32cubeide_1.19.0/plugins/com.st.stm32cube.ide.mcu.externaltools.gnu-tools-for-stm32.13.3.rel1.linux64_1.0.0.202410170706/tools/bin/../lib/gcc/arm-none-eabi/13.3.1/../../../../arm-none-eabi/lib/thumb/v7-m/nofp/libc_nano.a(libc_a-memset.o)
                0x08003fdc                memset
 .text.__errno  0x08003fec        0xc /opt/st/stm32cubeide_1.19.0/plugins/com.st.stm32cube.ide.mcu.externaltools.gnu-tools-for-stm32.13.3.rel1.linux64_1.0.0.202410170706/tools/bin/../lib/gcc/arm-none-eabi/13.3.1/../../../../arm-none-eabi/lib/thumb/v7-m/nofp/libc_nano.a(libc_a-errno.o)
                0x08003fec                __errno
 .text.__libc_init_array
                0x08003ff8       0x48 /opt/st/stm32cubeide_1.19.0/plugins/com.st.stm32cube.ide.mcu.externaltools.gnu-tools-for-stm32.13.3.rel1.linux64_1.0.0.202410170706/tools/bin/../lib/gcc/arm-none-eabi/13.3.1/../../../../arm-none-eabi/lib/thumb/v7-m/nofp/libc_nano.a(libc_a-init.o)
                0x08003ff8                __libc_init_array
 .text.__retarget_lock_acquire_recursive
                0x08004040        0x2 /opt/st/stm32cubeide_1.19.0/plugins/com.st.stm32cube.ide.mcu.externaltools.gnu-tools-for-stm32.13.3.rel1.linux64_1.0.0.202410170706/tools/bin/../lib/gcc/arm-none-eabi/13.3.1/../../../../arm-none-eabi/lib/thumb/v7-m/nofp/libc_nano.a(libc_a-lock.o)
                0x08004040                __retarget_lock_acquire_recursive
 .text.__retarget_lock_release_recursive
                0x08004042        0x2 /opt/st/stm32cubeide_1.19.0/plugins/com.st.stm32cube.ide.mcu.externaltools.gnu-tools-for-stm32.13.3.rel1.linux64_1.0.0.202410170706/tools/bin/../lib/gcc/arm-none-eabi/13.3.1/../../../../arm-none-eabi/lib/thumb/v7-m/nofp/libc_nano.a(libc_a-lock.o)
                0x08004042                __retarget_lock_release_recursive
 .text.memcpy   0x08004044       0x1c /opt/st/stm32cubeide_1.19.0/plugins/com.st.stm32cube.ide.mcu.externaltools.gnu-tools-for-stm32.13.3.rel1.linux64_1.0.0.202410170706/tools/bin/../lib/gcc/arm-none-eabi/13.3.1/../../../../arm-none-eabi/lib/thumb/v7-m/nofp/libc_nano.a(libc_a-memcpy-stub.o)
                0x08004044                memcpy
 .text._free_r  0x08004060       0x90 /opt/st/stm32cubeide_1.19.0/plugins/com.st.stm32cube.ide.mcu.externaltools.gnu-tools-for-stm32.13.3.rel1.linux64_1.0.0.202410170706/tools/bin/../lib/gcc/arm-none-eabi/13.3.1/../../../../arm-none-eabi/lib/thumb/v7-m/nofp/libc_nano.a(libc_a-freer.o)
                0x08004060                _free_r
 .text.sbrk_aligned
                0x080040f0       0x44 /opt/st/stm32cubeide_1.19.0/plugins/com.st.stm32cube.ide.mcu.externaltools.gnu-tools-for-stm32.13.3.rel1.linux64_1.0.0.202410170706/tools/bin/../lib/gcc/arm-none-eabi/13.3.1/../../../../arm-none-eabi/lib/thumb/v7-m/nofp/libc_nano.a(libc_a-mallocr.o)
 .text._malloc_r
                0x08004134      0x100 /opt/st/stm32cubeide_1.19.0/plugins/com.st.stm32cube.ide.mcu.externaltools.gnu-tools-for-stm32.13.3.rel1.linux64_1.0.0.202410170706/tools/bin/../lib/gcc/arm-none-eabi/13.3.1/../../../../arm-none-eabi/lib/thumb/v7-m/nofp/libc_nano.a(libc_a-mallocr.o)
                0x08004134                _malloc_r
 .text.__malloc_lock
                0x08004234        0xc /opt/st/stm32cubeide_1.19.0/plugins/com.st.stm32cube.ide.mcu.externaltools.gnu-tools-for-stm32.13.3.rel1.linux64_1.0.0.202410170706/tools/bin/../lib/gcc/arm-none-eabi/13.3.1/../../../../arm-none-eabi/lib/thumb/v7-m/nofp/libc_nano.a(libc_a-mlock.o)
                0x08004234                __malloc_lock
 .text.__malloc_unlock
                0x08004240        0xc /opt/st/stm32cubeide_1.19.0/plugins/com.st.stm32cube.ide.mcu.externaltools.gnu-tools-for-stm32.13.3.rel1.linux64_1.0.0.202410170706/tools/bin/../lib/gcc/arm-none-eabi/13.3.1/../../../../arm-none-eabi/lib/thumb/v7-m/nofp/libc_nano.a(libc_a-mlock.o)
                0x08004240                __malloc_unlock
 .text.__ssputs_r
                0x0800424c       0xb6 /opt/st/stm32cubeide_1.19.0/plugins/com.st.stm32cube.ide.mcu.externaltools.gnu-tools-for-stm32.13.3.rel1.linux64_1.0.0.202410170706/tools/bin/../lib/gcc/arm-none-eabi/13.3.1/../../../../arm-none-eabi/lib/thumb/v7-m/nofp/libc_nano.a(libc_a-nano-svfprintf.o)
                0x0800424c                __ssputs_r
 *fill*         0x08004302        0x2 
 .text._svfprintf_r
                0x08004304      0x1f8 /opt/st/stm32cubeide_1.19.0/plugins/com.st.stm32cube.ide.mcu.externaltools.gnu-tools-for-stm32.13.3.rel1.linux64_1.0.0.202410170706/tools/bin/../lib/gcc/arm-none-eabi/13.3.1/../../../../arm-none-eabi/lib/thumb/v7-m/nofp/libc_nano.a(libc_a-nano-svfprintf.o)
                0x08004304                _svfprintf_r
                0x08004304                _svfiprintf_r
 .text._printf_common
                0x080044fc       0xe4 /opt/st/stm32cubeide_1.19.0/plugins/com.st.stm32cube.ide.mcu.externaltools.gnu-tools-for-stm32.13.3.rel1.linux64_1.0.0.202410170706/tools/bin/../lib/gcc/arm-none-eabi/13.3.1/../../../../arm-none-eabi/lib/thumb/v7-m/nofp/libc_nano.a(libc_a-nano-vfprintf_i.o)
                0x080044fc                _printf_common
 .text._printf_i
                0x080045e0      0x23c /opt/st/stm32cubeide_1.19.0/plugins/com.st.stm32cube.ide.mcu.externaltools.gnu-tools-for-stm32.13.3.rel1.linux64_1.0.0.202410170706/tools/bin/../lib/gcc/arm-none-eabi/13.3.1/../../../../arm-none-eabi/lib/thumb/v7-m/nofp/libc_nano.a(libc_a-nano-vfprintf_i.o)
                0x080045e0                _printf_i
 .text.memmove  0x0800481c       0x34 /opt/st/stm32cubeide_1.19.0/plugins/com.st.stm32cube.ide.mcu.externaltools.gnu-tools-for-stm32.13.3.rel1.linux64_1.0.0.202410170706/tools/bin/../lib/gcc/arm-none-eabi/13.3.1/../../../../arm-none-eabi/lib/thumb/v7-m/nofp/libc_nano.a(libc_a-memmove.o)
                0x0800481c                memmove
 .text._sbrk_r  0x08004850       0x20 /opt/st/stm32cubeide_1.19.0/plugins/com.st.stm32cube.ide.mcu.externaltools.gnu-tools-for-stm32.13.3.rel1.linux64_1.0.0.202410170706/tools/bin/../lib/gcc/arm-none-eabi/13.3.1/../../../../arm-none-eabi/lib/thumb/v7-m/nofp/libc_nano.a(libc_a-sbrkr.o)
                0x08004850                _sbrk_r
 .text.memchr   0x08004870       0x1c /opt/st/stm32cubeide_1.19.0/plugins/com.st.stm32cube.ide.mcu.externaltools.gnu-tools-for-stm32.13.3.rel1.linux64_1.0.0.202410170706/tools/bin/../lib/gcc/arm-none-eabi/13.3.1/../../../../arm-none-eabi/lib/thumb/v7-m/nofp/libc_nano.a(libc_a-memchr-stub.o)
                0x08004870                memchr
 .text._realloc_r
                0x0800488c       0x5c /opt/st/stm32cubeide_1.19.0/plugins/com.st.stm32cube.ide.mcu.externaltools.gnu-tools-for-stm32.13.3.rel1.linux64_1.0.0.202410170706/tools/bin/../lib/gcc/arm-none-eabi/13.3.1/../../../../arm-none-eabi/lib/thumb/v7-m/nofp/libc_nano.a(libc_a-reallocr.o)
                0x0800488c                _realloc_r
 .text._malloc_usable_size_r
                0x080048e8       0x10 /opt/st/stm32cubeide_1.19.0/plugins/com.st.stm32cube.ide.mcu.externaltools.gnu-tools-for-stm32.13.3.rel1.linux64_1.0.0.202410170706/tools/bin/../lib/gcc/arm-none-eabi/13.3.1/../../../../arm-none-eabi/lib/thumb/v7-m/nofp/libc_nano.a(libc_a-msizer.o)
                0x080048e8                _malloc_usable_size_r
 *(.glue_7)
 .glue_7        0x080048f8        0x0 linker stubs
 *(.glue_7t)
 .glue_7t       0x080048f8        0x0 linker stubs
 *(.eh_frame)
 .eh_frame      0x080048f8        0x0 /opt/st/stm32cubeide_1.19.0/plugins/com.st.stm32cube.ide.mcu.externaltools.gnu-tools-for-stm32.13.3.rel1.linux64_1.0.0.202410170706/tools/bin/../lib/gcc/arm-none-eabi/13.3.1/thumb/v7-m/nofp/crtbegin.o
 *(.init)
 .init          0x080048f8        0x4 /opt/st/stm32cubeide_1.19.0/plugins/com.st.stm32cube.ide.mcu.externaltools.gnu-tools-for-stm32.13.3.rel1.linux64_1.0.0.202410170706/tools/bin/../lib/gcc/arm-none-eabi/13.3.1/thumb/v7-m/nofp/crti.o
                0x080048f8                _init
 .init          0x080048fc        0x8 /opt/st/stm32cubeide_1.19.0/plugins/com.st.stm32cube.ide.mcu.externaltools.gnu-tools-for-stm32.13.3.rel1.linux64_1.0.0.202410170706/tools/bin/../lib/gcc/arm-none-eabi/13.3.1/thumb/v7-m/nofp/crtn.o
 *(.fini)
 .fini          0x08004904        0x4 /opt/st/stm32cubeide_1.19.0/plugins/com.st.stm32cube.ide.mcu.externaltools.gnu-tools-for-stm32.13.3.rel1.linux64_1.0.0.202410170706/tools/bin/../lib/gcc/arm-none-eabi/13.3.1/thumb/v7-m/nofp/crti.o
                0x08004904                _fini
 .fini          0x08004908        0x8 /opt/st/stm32cubeide_1.19.0/plugins/com.st.stm32cube.ide.mcu.externaltools.gnu-tools-for-stm32.13.3.rel1.linux64_1.0.0.202410170706/tools/bin/../lib/gcc/arm-none-eabi/13.3.1/thumb/v7-m/nofp/crtn.o
                0x08004910                        . = ALIGN (0x4)
                0x08004910                        _etext = .

.vfp11_veneer   0x08004910        0x0
 .vfp11_veneer  0x08004910        0x0 linker stubs

.v4_bx          0x08004910        0x0
 .v4_bx         0x08004910        0x0 linker stubs

.iplt           0x08004910        0x0
 .iplt          0x08004910        0x0 /opt/st/stm32cubeide_1.19.0/plugins/com.st.stm32cube.ide.mcu.externaltools.gnu-tools-for-stm32.13.3.rel1.linux64_1.0.0.202410170706/tools/bin/../lib/gcc/arm-none-eabi/13.3.1/thumb/v7-m/nofp/crtbegin.o

.rodata         0x08004910      0x520
                0x08004910                        . = ALIGN (0x4)
 *(.rodata)
 .rodata        0x08004910      0x4d1 ./Core/Src/main.o
 *(.rodata*)
 *fill*         0x08004de1        0x3 
 .rodata.AHBPrescTable
                0x08004de4       0x10 ./Core/Src/system_stm32f2xx.o
                0x08004de4                AHBPrescTable
 .rodata.APBPrescTable
                0x08004df4        0x8 ./Core/Src/system_stm32f2xx.o
                0x08004df4                APBPrescTable
 .rodata._svfprintf_r.str1.1
                0x08004dfc       0x33 /opt/st/stm32cubeide_1.19.0/plugins/com.st.stm32cube.ide.mcu.externaltools.gnu-tools-for-stm32.13.3.rel1.linux64_1.0.0.202410170706/tools/bin/../lib/gcc/arm-none-eabi/13.3.1/../../../../arm-none-eabi/lib/thumb/v7-m/nofp/libc_nano.a(libc_a-nano-svfprintf.o)
                                 0x11 (size before relaxing)
 .rodata._printf_i.str1.1
                0x08004e2f       0x22 /opt/st/stm32cubeide_1.19.0/plugins/com.st.stm32cube.ide.mcu.externaltools.gnu-tools-for-stm32.13.3.rel1.linux64_1.0.0.202410170706/tools/bin/../lib/gcc/arm-none-eabi/13.3.1/../../../../arm-none-eabi/lib/thumb/v7-m/nofp/libc_nano.a(libc_a-nano-vfprintf_i.o)
                0x08004e54                        . = ALIGN (0x4)
 *fill*         0x08004e2f        0x1 

.ARM.extab      0x08004e30        0x0
                0x08004e30                        . = ALIGN (0x4)
 *(.ARM.extab* .gnu.linkonce.armextab.*)
                0x08004e30                        . = ALIGN (0x4)

.ARM            0x08004e30        0x8
                0x08004e30                        . = ALIGN (0x4)
                0x08004e30                        __exidx_start = .
 *(.ARM.exidx*)
 .ARM.exidx     0x08004e30        0x8 /opt/st/stm32cubeide_1.19.0/plugins/com.st.stm32cube.ide.mcu.externaltools.gnu-tools-for-stm32.13.3.rel1.linux64_1.0.0.202410170706/tools/bin/../lib/gcc/arm-none-eabi/13.3.1/../../../../arm-none-eabi/lib/thumb/v7-m/nofp/libc_nano.a(libc_a-strlen.o)
 .ARM.exidx     0x08004e38        0x0 /opt/st/stm32cubeide_1.19.0/plugins/com.st.stm32cube.ide.mcu.externaltools.gnu-tools-for-stm32.13.3.rel1.linux64_1.0.0.202410170706/tools/bin/../lib/gcc/arm-none-eabi/13.3.1/thumb/v7-m/nofp/libgcc.a(_udivmoddi4.o)
                                  0x8 (size before relaxing)
                0x08004e38                        __exidx_end = .
                0x08004e38                        . = ALIGN (0x4)

.preinit_array  0x08004e38        0x0
                0x08004e38                        . = ALIGN (0x4)
                0x08004e38                        PROVIDE (__preinit_array_start = .)
 *(.preinit_array*)
                0x08004e38                        PROVIDE (__preinit_array_end = .)
                0x08004e38                        . = ALIGN (0x4)

.init_array     0x08004e38        0x4
                0x08004e38                        . = ALIGN (0x4)
                0x08004e38                        PROVIDE (__init_array_start = .)
 *(SORT_BY_NAME(.init_array.*))
 *(.init_array*)
 .init_array    0x08004e38        0x4 /opt/st/stm32cubeide_1.19.0/plugins/com.st.stm32cube.ide.mcu.externaltools.gnu-tools-for-stm32.13.3.rel1.linux64_1.0.0.202410170706/tools/bin/../lib/gcc/arm-none-eabi/13.3.1/thumb/v7-m/nofp/crtbegin.o
                0x08004e3c                        PROVIDE (__init_array_end = .)
                0x08004e3c                        . = ALIGN (0x4)

.fini_array     0x08004e3c        0x4
                0x08004e3c                        . = ALIGN (0x4)
                [!provide]                        PROVIDE (__fini_array_start = .)
 *(SORT_BY_NAME(.fini_array.*))
 *(.fini_array*)
 .fini_array    0x08004e3c        0x4 /opt/st/stm32cubeide_1.19.0/plugins/com.st.stm32cube.ide.mcu.externaltools.gnu-tools-for-stm32.13.3.rel1.linux64_1.0.0.202410170706/tools/bin/../lib/gcc/arm-none-eabi/13.3.1/thumb/v7-m/nofp/crtbegin.o
                [!provide]                        PROVIDE (__fini_array_end = .)
                0x08004e40                        . = ALIGN (0x4)
                0x08004e40                        _sidata = LOADADDR (.data)

.rel.dyn        0x08004e40        0x0
 .rel.iplt      0x08004e40        0x0 /opt/st/stm32cubeide_1.19.0/plugins/com.st.stm32cube.ide.mcu.externaltools.gnu-tools-for-stm32.13.3.rel1.linux64_1.0.0.202410170706/tools/bin/../lib/gcc/arm-none-eabi/13.3.1/thumb/v7-m/nofp/crtbegin.o

.data           0x20000000       0x5c load address 0x08004e40
                0x20000000                        . = ALIGN (0x4)
                0x20000000                        _sdata = .
 *(.data)
 *(.data*)
 .data.SystemCoreClock
                0x20000000        0x4 ./Core/Src/system_stm32f2xx.o
                0x20000000                SystemCoreClock
 .data.uwTickPrio
                0x20000004        0x4 ./Drivers/STM32F2xx_HAL_Driver/Src/stm32f2xx_hal.o
                0x20000004                uwTickPrio
 .data.uwTickFreq
                0x20000008        0x1 ./Drivers/STM32F2xx_HAL_Driver/Src/stm32f2xx_hal.o
                0x20000008                uwTickFreq
 *fill*         0x20000009        0x3 
 .data._impure_ptr
                0x2000000c        0x4 /opt/st/stm32cubeide_1.19.0/plugins/com.st.stm32cube.ide.mcu.externaltools.gnu-tools-for-stm32.13.3.rel1.linux64_1.0.0.202410170706/tools/bin/../lib/gcc/arm-none-eabi/13.3.1/../../../../arm-none-eabi/lib/thumb/v7-m/nofp/libc_nano.a(libc_a-impure.o)
                0x2000000c                _impure_ptr
 .data._impure_data
                0x20000010       0x4c /opt/st/stm32cubeide_1.19.0/plugins/com.st.stm32cube.ide.mcu.externaltools.gnu-tools-for-stm32.13.3.rel1.linux64_1.0.0.202410170706/tools/bin/../lib/gcc/arm-none-eabi/13.3.1/../../../../arm-none-eabi/lib/thumb/v7-m/nofp/libc_nano.a(libc_a-impure.o)
                0x20000010                _impure_data
 *(.RamFunc)
 *(.RamFunc*)
                0x2000005c                        . = ALIGN (0x4)
                0x2000005c                        _edata = .

.igot.plt       0x2000005c        0x0 load address 0x08004e9c
 .igot.plt      0x2000005c        0x0 /opt/st/stm32cubeide_1.19.0/plugins/com.st.stm32cube.ide.mcu.externaltools.gnu-tools-for-stm32.13.3.rel1.linux64_1.0.0.202410170706/tools/bin/../lib/gcc/arm-none-eabi/13.3.1/thumb/v7-m/nofp/crtbegin.o
                0x2000005c                        . = ALIGN (0x4)

.bss            0x2000005c      0xa38 load address 0x08004e9c
                0x2000005c                        _sbss = .
                0x2000005c                        __bss_start__ = _sbss
 *(.bss)
 .bss           0x2000005c       0x1c /opt/st/stm32cubeide_1.19.0/plugins/com.st.stm32cube.ide.mcu.externaltools.gnu-tools-for-stm32.13.3.rel1.linux64_1.0.0.202410170706/tools/bin/../lib/gcc/arm-none-eabi/13.3.1/thumb/v7-m/nofp/crtbegin.o
 *(.bss*)
 .bss.huart5    0x20000078       0x48 ./Core/Src/main.o
                0x20000078                huart5
 .bss.huart2    0x200000c0       0x48 ./Core/Src/main.o
                0x200000c0                huart2
 .bss.huart3    0x20000108       0x48 ./Core/Src/main.o
                0x20000108                huart3
 .bss.hpcd_USB_OTG_FS
                0x20000150      0x4dc ./Core/Src/main.o
                0x20000150                hpcd_USB_OTG_FS
 .bss.rx_data   0x2000062c       0x80 ./Core/Src/main.o
                0x2000062c                rx_data
 .bss.rx_reverse
                0x200006ac       0x80 ./Core/Src/main.o
                0x200006ac                rx_reverse
 .bss.uart2_rx_byte
                0x2000072c        0x1 ./Core/Src/main.o
                0x2000072c                uart2_rx_byte
 *fill*         0x2000072d        0x3 
 .bss.uart2_packet
                0x20000730       0x80 ./Core/Src/main.o
                0x20000730                uart2_packet
 .bss.uart2_packet_index
                0x200007b0        0x1 ./Core/Src/main.o
                0x200007b0                uart2_packet_index
 .bss.uart2_expected_length
                0x200007b1        0x1 ./Core/Src/main.o
                0x200007b1                uart2_expected_length
 .bss.uart2_packet_ready
                0x200007b2        0x1 ./Core/Src/main.o
                0x200007b2                uart2_packet_ready
 .bss.uart2_receiving
                0x200007b3        0x1 ./Core/Src/main.o
                0x200007b3                uart2_receiving
 .bss.uart2_tx_busy
                0x200007b4        0x1 ./Core/Src/main.o
                0x200007b4                uart2_tx_busy
 .bss.uart2_tx_complete
                0x200007b5        0x1 ./Core/Src/main.o
                0x200007b5                uart2_tx_complete
 *fill*         0x200007b6        0x2 
 .bss.uart2_tx_buffer
                0x200007b8       0x80 ./Core/Src/main.o
                0x200007b8                uart2_tx_buffer
 .bss.uart5_rx_byte
                0x20000838        0x1 ./Core/Src/main.o
                0x20000838                uart5_rx_byte
 *fill*         0x20000839        0x3 
 .bss.uart5_packet
                0x2000083c       0x80 ./Core/Src/main.o
                0x2000083c                uart5_packet
 .bss.uart5_packet_index
                0x200008bc        0x1 ./Core/Src/main.o
                0x200008bc                uart5_packet_index
 .bss.uart5_expected_length
                0x200008bd        0x1 ./Core/Src/main.o
                0x200008bd                uart5_expected_length
 .bss.uart5_packet_ready
                0x200008be        0x1 ./Core/Src/main.o
                0x200008be                uart5_packet_ready
 .bss.uart5_receiving
                0x200008bf        0x1 ./Core/Src/main.o
                0x200008bf                uart5_receiving
 .bss.uart5_tx_complete
                0x200008c0        0x1 ./Core/Src/main.o
                0x200008c0                uart5_tx_complete
 .bss.uart5_tx_busy
                0x200008c1        0x1 ./Core/Src/main.o
                0x200008c1                uart5_tx_busy
 *fill*         0x200008c2        0x2 
 .bss.uart5_tx_buffer
                0x200008c4       0x80 ./Core/Src/main.o
                0x200008c4                uart5_tx_buffer
 .bss.__sbrk_heap_end
                0x20000944        0x4 ./Core/Src/sysmem.o
 .bss.uwTick    0x20000948        0x4 ./Drivers/STM32F2xx_HAL_Driver/Src/stm32f2xx_hal.o
                0x20000948                uwTick
 .bss.__sf      0x2000094c      0x138 /opt/st/stm32cubeide_1.19.0/plugins/com.st.stm32cube.ide.mcu.externaltools.gnu-tools-for-stm32.13.3.rel1.linux64_1.0.0.202410170706/tools/bin/../lib/gcc/arm-none-eabi/13.3.1/../../../../arm-none-eabi/lib/thumb/v7-m/nofp/libc_nano.a(libc_a-findfp.o)
                0x2000094c                __sf
 .bss.errno     0x20000a84        0x4 /opt/st/stm32cubeide_1.19.0/plugins/com.st.stm32cube.ide.mcu.externaltools.gnu-tools-for-stm32.13.3.rel1.linux64_1.0.0.202410170706/tools/bin/../lib/gcc/arm-none-eabi/13.3.1/../../../../arm-none-eabi/lib/thumb/v7-m/nofp/libc_nano.a(libc_a-reent.o)
                0x20000a84                errno
 .bss.__lock___malloc_recursive_mutex
                0x20000a88        0x1 /opt/st/stm32cubeide_1.19.0/plugins/com.st.stm32cube.ide.mcu.externaltools.gnu-tools-for-stm32.13.3.rel1.linux64_1.0.0.202410170706/tools/bin/../lib/gcc/arm-none-eabi/13.3.1/../../../../arm-none-eabi/lib/thumb/v7-m/nofp/libc_nano.a(libc_a-lock.o)
                0x20000a88                __lock___malloc_recursive_mutex
 *fill*         0x20000a89        0x3 
 .bss.__malloc_sbrk_start
                0x20000a8c        0x4 /opt/st/stm32cubeide_1.19.0/plugins/com.st.stm32cube.ide.mcu.externaltools.gnu-tools-for-stm32.13.3.rel1.linux64_1.0.0.202410170706/tools/bin/../lib/gcc/arm-none-eabi/13.3.1/../../../../arm-none-eabi/lib/thumb/v7-m/nofp/libc_nano.a(libc_a-mallocr.o)
                0x20000a8c                __malloc_sbrk_start
 .bss.__malloc_free_list
                0x20000a90        0x4 /opt/st/stm32cubeide_1.19.0/plugins/com.st.stm32cube.ide.mcu.externaltools.gnu-tools-for-stm32.13.3.rel1.linux64_1.0.0.202410170706/tools/bin/../lib/gcc/arm-none-eabi/13.3.1/../../../../arm-none-eabi/lib/thumb/v7-m/nofp/libc_nano.a(libc_a-mallocr.o)
                0x20000a90                __malloc_free_list
 *(COMMON)
                0x20000a94                        . = ALIGN (0x4)
                0x20000a94                        _ebss = .
                0x20000a94                        __bss_end__ = _ebss

._user_heap_stack
                0x20000a94      0x604 load address 0x08004e9c
                0x20000a98                        . = ALIGN (0x8)
 *fill*         0x20000a94        0x4 
                [!provide]                        PROVIDE (end = .)
                0x20000a98                        PROVIDE (_end = .)
                0x20000c98                        . = (. + _Min_Heap_Size)
 *fill*         0x20000a98      0x200 
                0x20001098                        . = (. + _Min_Stack_Size)
 *fill*         0x20000c98      0x400 
                0x20001098                        . = ALIGN (0x8)

/DISCARD/
 libc.a(*)
 libm.a(*)
 libgcc.a(*)

.ARM.attributes
                0x00000000       0x29
 *(.ARM.attributes)
 .ARM.attributes
                0x00000000       0x1d /opt/st/stm32cubeide_1.19.0/plugins/com.st.stm32cube.ide.mcu.externaltools.gnu-tools-for-stm32.13.3.rel1.linux64_1.0.0.202410170706/tools/bin/../lib/gcc/arm-none-eabi/13.3.1/thumb/v7-m/nofp/crti.o
 .ARM.attributes
                0x0000001d       0x2d /opt/st/stm32cubeide_1.19.0/plugins/com.st.stm32cube.ide.mcu.externaltools.gnu-tools-for-stm32.13.3.rel1.linux64_1.0.0.202410170706/tools/bin/../lib/gcc/arm-none-eabi/13.3.1/thumb/v7-m/nofp/crtbegin.o
 .ARM.attributes
                0x0000004a       0x2d ./Core/Src/main.o
 .ARM.attributes
                0x00000077       0x2d ./Core/Src/stm32f2xx_hal_msp.o
 .ARM.attributes
                0x000000a4       0x2d ./Core/Src/stm32f2xx_it.o
 .ARM.attributes
                0x000000d1       0x2d ./Core/Src/sysmem.o
 .ARM.attributes
                0x000000fe       0x2d ./Core/Src/system_stm32f2xx.o
 .ARM.attributes
                0x0000012b       0x21 ./Core/Startup/startup_stm32f207zgtx.o
 .ARM.attributes
                0x0000014c       0x2d ./Drivers/STM32F2xx_HAL_Driver/Src/stm32f2xx_hal.o
 .ARM.attributes
                0x00000179       0x2d ./Drivers/STM32F2xx_HAL_Driver/Src/stm32f2xx_hal_cortex.o
 .ARM.attributes
                0x000001a6       0x2d ./Drivers/STM32F2xx_HAL_Driver/Src/stm32f2xx_hal_dma.o
 .ARM.attributes
                0x000001d3       0x2d ./Drivers/STM32F2xx_HAL_Driver/Src/stm32f2xx_hal_gpio.o
 .ARM.attributes
                0x00000200       0x2d ./Drivers/STM32F2xx_HAL_Driver/Src/stm32f2xx_hal_pcd.o
 .ARM.attributes
                0x0000022d       0x2d ./Drivers/STM32F2xx_HAL_Driver/Src/stm32f2xx_hal_rcc.o
 .ARM.attributes
                0x0000025a       0x2d ./Drivers/STM32F2xx_HAL_Driver/Src/stm32f2xx_hal_uart.o
 .ARM.attributes
                0x00000287       0x2d ./Drivers/STM32F2xx_HAL_Driver/Src/stm32f2xx_ll_usb.o
 .ARM.attributes
                0x000002b4       0x2d /opt/st/stm32cubeide_1.19.0/plugins/com.st.stm32cube.ide.mcu.externaltools.gnu-tools-for-stm32.13.3.rel1.linux64_1.0.0.202410170706/tools/bin/../lib/gcc/arm-none-eabi/13.3.1/../../../../arm-none-eabi/lib/thumb/v7-m/nofp/libc_nano.a(libc_a-findfp.o)
 .ARM.attributes
                0x000002e1       0x2d /opt/st/stm32cubeide_1.19.0/plugins/com.st.stm32cube.ide.mcu.externaltools.gnu-tools-for-stm32.13.3.rel1.linux64_1.0.0.202410170706/tools/bin/../lib/gcc/arm-none-eabi/13.3.1/../../../../arm-none-eabi/lib/thumb/v7-m/nofp/libc_nano.a(libc_a-vsnprintf.o)
 .ARM.attributes
                0x0000030e       0x2d /opt/st/stm32cubeide_1.19.0/plugins/com.st.stm32cube.ide.mcu.externaltools.gnu-tools-for-stm32.13.3.rel1.linux64_1.0.0.202410170706/tools/bin/../lib/gcc/arm-none-eabi/13.3.1/../../../../arm-none-eabi/lib/thumb/v7-m/nofp/libc_nano.a(libc_a-memset.o)
 .ARM.attributes
                0x0000033b       0x2d /opt/st/stm32cubeide_1.19.0/plugins/com.st.stm32cube.ide.mcu.externaltools.gnu-tools-for-stm32.13.3.rel1.linux64_1.0.0.202410170706/tools/bin/../lib/gcc/arm-none-eabi/13.3.1/../../../../arm-none-eabi/lib/thumb/v7-m/nofp/libc_nano.a(libc_a-reent.o)
 .ARM.attributes
                0x00000368       0x2d /opt/st/stm32cubeide_1.19.0/plugins/com.st.stm32cube.ide.mcu.externaltools.gnu-tools-for-stm32.13.3.rel1.linux64_1.0.0.202410170706/tools/bin/../lib/gcc/arm-none-eabi/13.3.1/../../../../arm-none-eabi/lib/thumb/v7-m/nofp/libc_nano.a(libc_a-impure.o)
 .ARM.attributes
                0x00000395       0x2d /opt/st/stm32cubeide_1.19.0/plugins/com.st.stm32cube.ide.mcu.externaltools.gnu-tools-for-stm32.13.3.rel1.linux64_1.0.0.202410170706/tools/bin/../lib/gcc/arm-none-eabi/13.3.1/../../../../arm-none-eabi/lib/thumb/v7-m/nofp/libc_nano.a(libc_a-errno.o)
 .ARM.attributes
                0x000003c2       0x2d /opt/st/stm32cubeide_1.19.0/plugins/com.st.stm32cube.ide.mcu.externaltools.gnu-tools-for-stm32.13.3.rel1.linux64_1.0.0.202410170706/tools/bin/../lib/gcc/arm-none-eabi/13.3.1/../../../../arm-none-eabi/lib/thumb/v7-m/nofp/libc_nano.a(libc_a-init.o)
 .ARM.attributes
                0x000003ef       0x2d /opt/st/stm32cubeide_1.19.0/plugins/com.st.stm32cube.ide.mcu.externaltools.gnu-tools-for-stm32.13.3.rel1.linux64_1.0.0.202410170706/tools/bin/../lib/gcc/arm-none-eabi/13.3.1/../../../../arm-none-eabi/lib/thumb/v7-m/nofp/libc_nano.a(libc_a-lock.o)
 .ARM.attributes
                0x0000041c       0x2d /opt/st/stm32cubeide_1.19.0/plugins/com.st.stm32cube.ide.mcu.externaltools.gnu-tools-for-stm32.13.3.rel1.linux64_1.0.0.202410170706/tools/bin/../lib/gcc/arm-none-eabi/13.3.1/../../../../arm-none-eabi/lib/thumb/v7-m/nofp/libc_nano.a(libc_a-memcpy-stub.o)
 .ARM.attributes
                0x00000449       0x17 /opt/st/stm32cubeide_1.19.0/plugins/com.st.stm32cube.ide.mcu.externaltools.gnu-tools-for-stm32.13.3.rel1.linux64_1.0.0.202410170706/tools/bin/../lib/gcc/arm-none-eabi/13.3.1/../../../../arm-none-eabi/lib/thumb/v7-m/nofp/libc_nano.a(libc_a-strlen.o)
 .ARM.attributes
                0x00000460       0x2d /opt/st/stm32cubeide_1.19.0/plugins/com.st.stm32cube.ide.mcu.externaltools.gnu-tools-for-stm32.13.3.rel1.linux64_1.0.0.202410170706/tools/bin/../lib/gcc/arm-none-eabi/13.3.1/../../../../arm-none-eabi/lib/thumb/v7-m/nofp/libc_nano.a(libc_a-freer.o)
 .ARM.attributes
                0x0000048d       0x2d /opt/st/stm32cubeide_1.19.0/plugins/com.st.stm32cube.ide.mcu.externaltools.gnu-tools-for-stm32.13.3.rel1.linux64_1.0.0.202410170706/tools/bin/../lib/gcc/arm-none-eabi/13.3.1/../../../../arm-none-eabi/lib/thumb/v7-m/nofp/libc_nano.a(libc_a-mallocr.o)
 .ARM.attributes
                0x000004ba       0x2d /opt/st/stm32cubeide_1.19.0/plugins/com.st.stm32cube.ide.mcu.externaltools.gnu-tools-for-stm32.13.3.rel1.linux64_1.0.0.202410170706/tools/bin/../lib/gcc/arm-none-eabi/13.3.1/../../../../arm-none-eabi/lib/thumb/v7-m/nofp/libc_nano.a(libc_a-mlock.o)
 .ARM.attributes
                0x000004e7       0x2d /opt/st/stm32cubeide_1.19.0/plugins/com.st.stm32cube.ide.mcu.externaltools.gnu-tools-for-stm32.13.3.rel1.linux64_1.0.0.202410170706/tools/bin/../lib/gcc/arm-none-eabi/13.3.1/../../../../arm-none-eabi/lib/thumb/v7-m/nofp/libc_nano.a(libc_a-nano-svfprintf.o)
 .ARM.attributes
                0x00000514       0x2d /opt/st/stm32cubeide_1.19.0/plugins/com.st.stm32cube.ide.mcu.externaltools.gnu-tools-for-stm32.13.3.rel1.linux64_1.0.0.202410170706/tools/bin/../lib/gcc/arm-none-eabi/13.3.1/../../../../arm-none-eabi/lib/thumb/v7-m/nofp/libc_nano.a(libc_a-nano-vfprintf_i.o)
 .ARM.attributes
                0x00000541       0x2d /opt/st/stm32cubeide_1.19.0/plugins/com.st.stm32cube.ide.mcu.externaltools.gnu-tools-for-stm32.13.3.rel1.linux64_1.0.0.202410170706/tools/bin/../lib/gcc/arm-none-eabi/13.3.1/../../../../arm-none-eabi/lib/thumb/v7-m/nofp/libc_nano.a(libc_a-memmove.o)
 .ARM.attributes
                0x0000056e       0x2d /opt/st/stm32cubeide_1.19.0/plugins/com.st.stm32cube.ide.mcu.externaltools.gnu-tools-for-stm32.13.3.rel1.linux64_1.0.0.202410170706/tools/bin/../lib/gcc/arm-none-eabi/13.3.1/../../../../arm-none-eabi/lib/thumb/v7-m/nofp/libc_nano.a(libc_a-sbrkr.o)
 .ARM.attributes
                0x0000059b       0x2d /opt/st/stm32cubeide_1.19.0/plugins/com.st.stm32cube.ide.mcu.externaltools.gnu-tools-for-stm32.13.3.rel1.linux64_1.0.0.202410170706/tools/bin/../lib/gcc/arm-none-eabi/13.3.1/../../../../arm-none-eabi/lib/thumb/v7-m/nofp/libc_nano.a(libc_a-memchr-stub.o)
 .ARM.attributes
                0x000005c8       0x2d /opt/st/stm32cubeide_1.19.0/plugins/com.st.stm32cube.ide.mcu.externaltools.gnu-tools-for-stm32.13.3.rel1.linux64_1.0.0.202410170706/tools/bin/../lib/gcc/arm-none-eabi/13.3.1/../../../../arm-none-eabi/lib/thumb/v7-m/nofp/libc_nano.a(libc_a-reallocr.o)
 .ARM.attributes
                0x000005f5       0x2d /opt/st/stm32cubeide_1.19.0/plugins/com.st.stm32cube.ide.mcu.externaltools.gnu-tools-for-stm32.13.3.rel1.linux64_1.0.0.202410170706/tools/bin/../lib/gcc/arm-none-eabi/13.3.1/../../../../arm-none-eabi/lib/thumb/v7-m/nofp/libc_nano.a(libc_a-msizer.o)
 .ARM.attributes
                0x00000622       0x1d /opt/st/stm32cubeide_1.19.0/plugins/com.st.stm32cube.ide.mcu.externaltools.gnu-tools-for-stm32.13.3.rel1.linux64_1.0.0.202410170706/tools/bin/../lib/gcc/arm-none-eabi/13.3.1/thumb/v7-m/nofp/libgcc.a(_aeabi_uldivmod.o)
 .ARM.attributes
                0x0000063f       0x2d /opt/st/stm32cubeide_1.19.0/plugins/com.st.stm32cube.ide.mcu.externaltools.gnu-tools-for-stm32.13.3.rel1.linux64_1.0.0.202410170706/tools/bin/../lib/gcc/arm-none-eabi/13.3.1/thumb/v7-m/nofp/libgcc.a(_udivmoddi4.o)
 .ARM.attributes
                0x0000066c       0x1d /opt/st/stm32cubeide_1.19.0/plugins/com.st.stm32cube.ide.mcu.externaltools.gnu-tools-for-stm32.13.3.rel1.linux64_1.0.0.202410170706/tools/bin/../lib/gcc/arm-none-eabi/13.3.1/thumb/v7-m/nofp/libgcc.a(_dvmd_tls.o)
 .ARM.attributes
                0x00000689       0x1d /opt/st/stm32cubeide_1.19.0/plugins/com.st.stm32cube.ide.mcu.externaltools.gnu-tools-for-stm32.13.3.rel1.linux64_1.0.0.202410170706/tools/bin/../lib/gcc/arm-none-eabi/13.3.1/thumb/v7-m/nofp/crtn.o
OUTPUT(Nucleo_Ring_Node.elf elf32-littlearm)
LOAD linker stubs
LOAD /opt/st/stm32cubeide_1.19.0/plugins/com.st.stm32cube.ide.mcu.externaltools.gnu-tools-for-stm32.13.3.rel1.linux64_1.0.0.202410170706/tools/bin/../lib/gcc/arm-none-eabi/13.3.1/../../../../arm-none-eabi/lib/thumb/v7-m/nofp/libc.a
LOAD /opt/st/stm32cubeide_1.19.0/plugins/com.st.stm32cube.ide.mcu.externaltools.gnu-tools-for-stm32.13.3.rel1.linux64_1.0.0.202410170706/tools/bin/../lib/gcc/arm-none-eabi/13.3.1/../../../../arm-none-eabi/lib/thumb/v7-m/nofp/libm.a
LOAD /opt/st/stm32cubeide_1.19.0/plugins/com.st.stm32cube.ide.mcu.externaltools.gnu-tools-for-stm32.13.3.rel1.linux64_1.0.0.202410170706/tools/bin/../lib/gcc/arm-none-eabi/13.3.1/thumb/v7-m/nofp/libgcc.a

.debug_info     0x00000000     0xd0c0
 .debug_info    0x00000000     0x1e66 ./Core/Src/main.o
 .debug_info    0x00001e66     0x18ba ./Core/Src/stm32f2xx_hal_msp.o
 .debug_info    0x00003720      0x651 ./Core/Src/stm32f2xx_it.o
 .debug_info    0x00003d71      0x168 ./Core/Src/sysmem.o
 .debug_info    0x00003ed9      0x31f ./Core/Src/system_stm32f2xx.o
 .debug_info    0x000041f8       0x30 ./Core/Startup/startup_stm32f207zgtx.o
 .debug_info    0x00004228      0x9c3 ./Drivers/STM32F2xx_HAL_Driver/Src/stm32f2xx_hal.o
 .debug_info    0x00004beb      0xd7b ./Drivers/STM32F2xx_HAL_Driver/Src/stm32f2xx_hal_cortex.o
 .debug_info    0x00005966      0x8e7 ./Drivers/STM32F2xx_HAL_Driver/Src/stm32f2xx_hal_dma.o
 .debug_info    0x0000624d      0x68e ./Drivers/STM32F2xx_HAL_Driver/Src/stm32f2xx_hal_gpio.o
 .debug_info    0x000068db     0x14e2 ./Drivers/STM32F2xx_HAL_Driver/Src/stm32f2xx_hal_pcd.o
 .debug_info    0x00007dbd      0xa39 ./Drivers/STM32F2xx_HAL_Driver/Src/stm32f2xx_hal_rcc.o
 .debug_info    0x000087f6     0x2f37 ./Drivers/STM32F2xx_HAL_Driver/Src/stm32f2xx_hal_uart.o
 .debug_info    0x0000b72d     0x1993 ./Drivers/STM32F2xx_HAL_Driver/Src/stm32f2xx_ll_usb.o

.debug_abbrev   0x00000000     0x1ec6
 .debug_abbrev  0x00000000      0x3c1 ./Core/Src/main.o
 .debug_abbrev  0x000003c1      0x269 ./Core/Src/stm32f2xx_hal_msp.o
 .debug_abbrev  0x0000062a      0x177 ./Core/Src/stm32f2xx_it.o
 .debug_abbrev  0x000007a1       0xbc ./Core/Src/sysmem.o
 .debug_abbrev  0x0000085d      0x11c ./Core/Src/system_stm32f2xx.o
 .debug_abbrev  0x00000979       0x24 ./Core/Startup/startup_stm32f207zgtx.o
 .debug_abbrev  0x0000099d      0x286 ./Drivers/STM32F2xx_HAL_Driver/Src/stm32f2xx_hal.o
 .debug_abbrev  0x00000c23      0x31c ./Drivers/STM32F2xx_HAL_Driver/Src/stm32f2xx_hal_cortex.o
 .debug_abbrev  0x00000f3f      0x264 ./Drivers/STM32F2xx_HAL_Driver/Src/stm32f2xx_hal_dma.o
 .debug_abbrev  0x000011a3      0x1cb ./Drivers/STM32F2xx_HAL_Driver/Src/stm32f2xx_hal_gpio.o
 .debug_abbrev  0x0000136e      0x2c1 ./Drivers/STM32F2xx_HAL_Driver/Src/stm32f2xx_hal_pcd.o
 .debug_abbrev  0x0000162f      0x2d6 ./Drivers/STM32F2xx_HAL_Driver/Src/stm32f2xx_hal_rcc.o
 .debug_abbrev  0x00001905      0x30e ./Drivers/STM32F2xx_HAL_Driver/Src/stm32f2xx_hal_uart.o
 .debug_abbrev  0x00001c13      0x2b3 ./Drivers/STM32F2xx_HAL_Driver/Src/stm32f2xx_ll_usb.o

.debug_aranges  0x00000000      0xa90
 .debug_aranges
                0x00000000       0xe8 ./Core/Src/main.o
 .debug_aranges
                0x000000e8       0x50 ./Core/Src/stm32f2xx_hal_msp.o
 .debug_aranges
                0x00000138       0x70 ./Core/Src/stm32f2xx_it.o
 .debug_aranges
                0x000001a8       0x20 ./Core/Src/sysmem.o
 .debug_aranges
                0x000001c8       0x28 ./Core/Src/system_stm32f2xx.o
 .debug_aranges
                0x000001f0       0x28 ./Core/Startup/startup_stm32f207zgtx.o
 .debug_aranges
                0x00000218       0xf0 ./Drivers/STM32F2xx_HAL_Driver/Src/stm32f2xx_hal.o
 .debug_aranges
                0x00000308      0x128 ./Drivers/STM32F2xx_HAL_Driver/Src/stm32f2xx_hal_cortex.o
 .debug_aranges
                0x00000430       0x90 ./Drivers/STM32F2xx_HAL_Driver/Src/stm32f2xx_hal_dma.o
 .debug_aranges
                0x000004c0       0x58 ./Drivers/STM32F2xx_HAL_Driver/Src/stm32f2xx_hal_gpio.o
 .debug_aranges
                0x00000518      0x148 ./Drivers/STM32F2xx_HAL_Driver/Src/stm32f2xx_hal_pcd.o
 .debug_aranges
                0x00000660       0x88 ./Drivers/STM32F2xx_HAL_Driver/Src/stm32f2xx_hal_rcc.o
 .debug_aranges
                0x000006e8      0x208 ./Drivers/STM32F2xx_HAL_Driver/Src/stm32f2xx_hal_uart.o
 .debug_aranges
                0x000008f0      0x1a0 ./Drivers/STM32F2xx_HAL_Driver/Src/stm32f2xx_ll_usb.o

.debug_rnglists
                0x00000000      0x81e
 .debug_rnglists
                0x00000000       0xb3 ./Core/Src/main.o
 .debug_rnglists
                0x000000b3       0x3b ./Core/Src/stm32f2xx_hal_msp.o
 .debug_rnglists
                0x000000ee       0x4f ./Core/Src/stm32f2xx_it.o
 .debug_rnglists
                0x0000013d       0x13 ./Core/Src/sysmem.o
 .debug_rnglists
                0x00000150       0x1a ./Core/Src/system_stm32f2xx.o
 .debug_rnglists
                0x0000016a       0x19 ./Core/Startup/startup_stm32f207zgtx.o
 .debug_rnglists
                0x00000183       0xaf ./Drivers/STM32F2xx_HAL_Driver/Src/stm32f2xx_hal.o
 .debug_rnglists
                0x00000232       0xd9 ./Drivers/STM32F2xx_HAL_Driver/Src/stm32f2xx_hal_cortex.o
 .debug_rnglists
                0x0000030b       0x70 ./Drivers/STM32F2xx_HAL_Driver/Src/stm32f2xx_hal_dma.o
 .debug_rnglists
                0x0000037b       0x3f ./Drivers/STM32F2xx_HAL_Driver/Src/stm32f2xx_hal_gpio.o
 .debug_rnglists
                0x000003ba       0xfa ./Drivers/STM32F2xx_HAL_Driver/Src/stm32f2xx_hal_pcd.o
 .debug_rnglists
                0x000004b4       0x67 ./Drivers/STM32F2xx_HAL_Driver/Src/stm32f2xx_hal_rcc.o
 .debug_rnglists
                0x0000051b      0x1bc ./Drivers/STM32F2xx_HAL_Driver/Src/stm32f2xx_hal_uart.o
 .debug_rnglists
                0x000006d7      0x147 ./Drivers/STM32F2xx_HAL_Driver/Src/stm32f2xx_ll_usb.o

.debug_macro    0x00000000    0x20721
 .debug_macro   0x00000000      0x39d ./Core/Src/main.o
 .debug_macro   0x0000039d      0xacc ./Core/Src/main.o
 .debug_macro   0x00000e69      0x252 ./Core/Src/main.o
 .debug_macro   0x000010bb       0x2e ./Core/Src/main.o
 .debug_macro   0x000010e9       0x22 ./Core/Src/main.o
 .debug_macro   0x0000110b       0x22 ./Core/Src/main.o
 .debug_macro   0x0000112d       0x8e ./Core/Src/main.o
 .debug_macro   0x000011bb       0x51 ./Core/Src/main.o
 .debug_macro   0x0000120c      0x103 ./Core/Src/main.o
 .debug_macro   0x0000130f       0x6a ./Core/Src/main.o
 .debug_macro   0x00001379      0x1df ./Core/Src/main.o
 .debug_macro   0x00001558       0x1c ./Core/Src/main.o
 .debug_macro   0x00001574       0x22 ./Core/Src/main.o
 .debug_macro   0x00001596       0xbd ./Core/Src/main.o
 .debug_macro   0x00001653      0xe49 ./Core/Src/main.o
 .debug_macro   0x0000249c      0x11f ./Core/Src/main.o
 .debug_macro   0x000025bb    0x14fe1 ./Core/Src/main.o
 .debug_macro   0x0001759c       0x6d ./Core/Src/main.o
 .debug_macro   0x00017609     0x35b3 ./Core/Src/main.o
 .debug_macro   0x0001abbc      0x190 ./Core/Src/main.o
 .debug_macro   0x0001ad4c       0x55 ./Core/Src/main.o
 .debug_macro   0x0001ada1     0x1056 ./Core/Src/main.o
 .debug_macro   0x0001bdf7      0x153 ./Core/Src/main.o
 .debug_macro   0x0001bf4a      0x170 ./Core/Src/main.o
 .debug_macro   0x0001c0ba      0x115 ./Core/Src/main.o
 .debug_macro   0x0001c1cf      0x108 ./Core/Src/main.o
 .debug_macro   0x0001c2d7       0xa5 ./Core/Src/main.o
 .debug_macro   0x0001c37c      0x16a ./Core/Src/main.o
 .debug_macro   0x0001c4e6      0x287 ./Core/Src/main.o
 .debug_macro   0x0001c76d       0x5f ./Core/Src/main.o
 .debug_macro   0x0001c7cc      0x236 ./Core/Src/main.o
 .debug_macro   0x0001ca02      0xcce ./Core/Src/main.o
 .debug_macro   0x0001d6d0      0x126 ./Core/Src/main.o
 .debug_macro   0x0001d7f6      0x216 ./Core/Src/main.o
 .debug_macro   0x0001da0c       0x2e ./Core/Src/main.o
 .debug_macro   0x0001da3a      0x113 ./Core/Src/main.o
 .debug_macro   0x0001db4d       0x22 ./Core/Src/main.o
 .debug_macro   0x0001db6f       0x82 ./Core/Src/main.o
 .debug_macro   0x0001dbf1      0x2aa ./Core/Src/main.o
 .debug_macro   0x0001de9b      0x293 ./Core/Src/main.o
 .debug_macro   0x0001e12e       0xba ./Core/Src/main.o
 .debug_macro   0x0001e1e8      0x12d ./Core/Src/main.o
 .debug_macro   0x0001e315      0x16c ./Core/Src/main.o
 .debug_macro   0x0001e481       0x61 ./Core/Src/main.o
 .debug_macro   0x0001e4e2       0x24 ./Core/Src/main.o
 .debug_macro   0x0001e506       0x43 ./Core/Src/main.o
 .debug_macro   0x0001e549       0x34 ./Core/Src/main.o
 .debug_macro   0x0001e57d       0x16 ./Core/Src/main.o
 .debug_macro   0x0001e593       0x3c ./Core/Src/main.o
 .debug_macro   0x0001e5cf      0x370 ./Core/Src/main.o
 .debug_macro   0x0001e93f       0x10 ./Core/Src/main.o
 .debug_macro   0x0001e94f       0x16 ./Core/Src/main.o
 .debug_macro   0x0001e965       0x4a ./Core/Src/main.o
 .debug_macro   0x0001e9af       0x34 ./Core/Src/main.o
 .debug_macro   0x0001e9e3       0x10 ./Core/Src/main.o
 .debug_macro   0x0001e9f3       0x58 ./Core/Src/main.o
 .debug_macro   0x0001ea4b       0x8e ./Core/Src/main.o
 .debug_macro   0x0001ead9       0x1c ./Core/Src/main.o
 .debug_macro   0x0001eaf5      0x185 ./Core/Src/main.o
 .debug_macro   0x0001ec7a       0x16 ./Core/Src/main.o
 .debug_macro   0x0001ec90       0x16 ./Core/Src/main.o
 .debug_macro   0x0001eca6      0x146 ./Core/Src/main.o
 .debug_macro   0x0001edec       0x16 ./Core/Src/main.o
 .debug_macro   0x0001ee02       0x20 ./Core/Src/main.o
 .debug_macro   0x0001ee22       0x4c ./Core/Src/main.o
 .debug_macro   0x0001ee6e      0x1f0 ./Core/Src/stm32f2xx_hal_msp.o
 .debug_macro   0x0001f05e      0x1fa ./Core/Src/stm32f2xx_it.o
 .debug_macro   0x0001f258      0x112 ./Core/Src/sysmem.o
 .debug_macro   0x0001f36a      0x23c ./Core/Src/sysmem.o
 .debug_macro   0x0001f5a6      0x1e1 ./Core/Src/system_stm32f2xx.o
 .debug_macro   0x0001f787      0x22f ./Drivers/STM32F2xx_HAL_Driver/Src/stm32f2xx_hal.o
 .debug_macro   0x0001f9b6      0x1e1 ./Drivers/STM32F2xx_HAL_Driver/Src/stm32f2xx_hal_cortex.o
 .debug_macro   0x0001fb97      0x1e7 ./Drivers/STM32F2xx_HAL_Driver/Src/stm32f2xx_hal_dma.o
 .debug_macro   0x0001fd7e      0x1e8 ./Drivers/STM32F2xx_HAL_Driver/Src/stm32f2xx_hal_gpio.o
 .debug_macro   0x0001ff66      0x1ed ./Drivers/STM32F2xx_HAL_Driver/Src/stm32f2xx_hal_pcd.o
 .debug_macro   0x00020153      0x20b ./Drivers/STM32F2xx_HAL_Driver/Src/stm32f2xx_hal_rcc.o
 .debug_macro   0x0002035e      0x1e2 ./Drivers/STM32F2xx_HAL_Driver/Src/stm32f2xx_hal_uart.o
 .debug_macro   0x00020540      0x1e1 ./Drivers/STM32F2xx_HAL_Driver/Src/stm32f2xx_ll_usb.o

.debug_line     0x00000000     0xc059
 .debug_line    0x00000000     0x1052 ./Core/Src/main.o
 .debug_line    0x00001052      0x856 ./Core/Src/stm32f2xx_hal_msp.o
 .debug_line    0x000018a8      0x776 ./Core/Src/stm32f2xx_it.o
 .debug_line    0x0000201e      0x4bd ./Core/Src/sysmem.o
 .debug_line    0x000024db      0x714 ./Core/Src/system_stm32f2xx.o
 .debug_line    0x00002bef       0x7a ./Core/Startup/startup_stm32f207zgtx.o
 .debug_line    0x00002c69      0x9db ./Drivers/STM32F2xx_HAL_Driver/Src/stm32f2xx_hal.o
 .debug_line    0x00003644      0xc3e ./Drivers/STM32F2xx_HAL_Driver/Src/stm32f2xx_hal_cortex.o
 .debug_line    0x00004282      0xef5 ./Drivers/STM32F2xx_HAL_Driver/Src/stm32f2xx_hal_dma.o
 .debug_line    0x00005177      0xaef ./Drivers/STM32F2xx_HAL_Driver/Src/stm32f2xx_hal_gpio.o
 .debug_line    0x00005c66     0x1349 ./Drivers/STM32F2xx_HAL_Driver/Src/stm32f2xx_hal_pcd.o
 .debug_line    0x00006faf      0xf89 ./Drivers/STM32F2xx_HAL_Driver/Src/stm32f2xx_hal_rcc.o
 .debug_line    0x00007f38     0x248f ./Drivers/STM32F2xx_HAL_Driver/Src/stm32f2xx_hal_uart.o
 .debug_line    0x0000a3c7     0x1c92 ./Drivers/STM32F2xx_HAL_Driver/Src/stm32f2xx_ll_usb.o

.debug_str      0x00000000    0xc574f
 .debug_str     0x00000000    0xc574f ./Core/Src/main.o
                              0xc2d07 (size before relaxing)
 .debug_str     0x000c574f    0xbf1a7 ./Core/Src/stm32f2xx_hal_msp.o
 .debug_str     0x000c574f    0xbe3af ./Core/Src/stm32f2xx_it.o
 .debug_str     0x000c574f     0x772c ./Core/Src/sysmem.o
 .debug_str     0x000c574f    0xbda3d ./Core/Src/system_stm32f2xx.o
 .debug_str     0x000c574f       0x86 ./Core/Startup/startup_stm32f207zgtx.o
 .debug_str     0x000c574f    0xbe589 ./Drivers/STM32F2xx_HAL_Driver/Src/stm32f2xx_hal.o
 .debug_str     0x000c574f    0xbe380 ./Drivers/STM32F2xx_HAL_Driver/Src/stm32f2xx_hal_cortex.o
 .debug_str     0x000c574f    0xbdeab ./Drivers/STM32F2xx_HAL_Driver/Src/stm32f2xx_hal_dma.o
 .debug_str     0x000c574f    0xbdbfb ./Drivers/STM32F2xx_HAL_Driver/Src/stm32f2xx_hal_gpio.o
 .debug_str     0x000c574f    0xbe4fe ./Drivers/STM32F2xx_HAL_Driver/Src/stm32f2xx_hal_pcd.o
 .debug_str     0x000c574f    0xbdeef ./Drivers/STM32F2xx_HAL_Driver/Src/stm32f2xx_hal_rcc.o
 .debug_str     0x000c574f    0xbe492 ./Drivers/STM32F2xx_HAL_Driver/Src/stm32f2xx_hal_uart.o
 .debug_str     0x000c574f    0xbe44a ./Drivers/STM32F2xx_HAL_Driver/Src/stm32f2xx_ll_usb.o

.comment        0x00000000       0x43
 .comment       0x00000000       0x43 ./Core/Src/main.o
                                 0x44 (size before relaxing)
 .comment       0x00000043       0x44 ./Core/Src/stm32f2xx_hal_msp.o
 .comment       0x00000043       0x44 ./Core/Src/stm32f2xx_it.o
 .comment       0x00000043       0x44 ./Core/Src/sysmem.o
 .comment       0x00000043       0x44 ./Core/Src/system_stm32f2xx.o
 .comment       0x00000043       0x44 ./Drivers/STM32F2xx_HAL_Driver/Src/stm32f2xx_hal.o
 .comment       0x00000043       0x44 ./Drivers/STM32F2xx_HAL_Driver/Src/stm32f2xx_hal_cortex.o
 .comment       0x00000043       0x44 ./Drivers/STM32F2xx_HAL_Driver/Src/stm32f2xx_hal_dma.o
 .comment       0x00000043       0x44 ./Drivers/STM32F2xx_HAL_Driver/Src/stm32f2xx_hal_gpio.o
 .comment       0x00000043       0x44 ./Drivers/STM32F2xx_HAL_Driver/Src/stm32f2xx_hal_pcd.o
 .comment       0x00000043       0x44 ./Drivers/STM32F2xx_HAL_Driver/Src/stm32f2xx_hal_rcc.o
 .comment       0x00000043       0x44 ./Drivers/STM32F2xx_HAL_Driver/Src/stm32f2xx_hal_uart.o
 .comment       0x00000043       0x44 ./Drivers/STM32F2xx_HAL_Driver/Src/stm32f2xx_ll_usb.o

.debug_frame    0x00000000     0x3104
 .debug_frame   0x00000000      0x374 ./Core/Src/main.o
 .debug_frame   0x00000374      0x110 ./Core/Src/stm32f2xx_hal_msp.o
 .debug_frame   0x00000484      0x13c ./Core/Src/stm32f2xx_it.o
 .debug_frame   0x000005c0       0x34 ./Core/Src/sysmem.o
 .debug_frame   0x000005f4       0x58 ./Core/Src/system_stm32f2xx.o
 .debug_frame   0x0000064c      0x384 ./Drivers/STM32F2xx_HAL_Driver/Src/stm32f2xx_hal.o
 .debug_frame   0x000009d0      0x4e8 ./Drivers/STM32F2xx_HAL_Driver/Src/stm32f2xx_hal_cortex.o
 .debug_frame   0x00000eb8      0x250 ./Drivers/STM32F2xx_HAL_Driver/Src/stm32f2xx_hal_dma.o
 .debug_frame   0x00001108      0x14c ./Drivers/STM32F2xx_HAL_Driver/Src/stm32f2xx_hal_gpio.o
 .debug_frame   0x00001254      0x5b8 ./Drivers/STM32F2xx_HAL_Driver/Src/stm32f2xx_hal_pcd.o
 .debug_frame   0x0000180c      0x208 ./Drivers/STM32F2xx_HAL_Driver/Src/stm32f2xx_hal_rcc.o
 .debug_frame   0x00001a14      0x944 ./Drivers/STM32F2xx_HAL_Driver/Src/stm32f2xx_hal_uart.o
 .debug_frame   0x00002358      0x7c0 ./Drivers/STM32F2xx_HAL_Driver/Src/stm32f2xx_ll_usb.o
 .debug_frame   0x00002b18      0x144 /opt/st/stm32cubeide_1.19.0/plugins/com.st.stm32cube.ide.mcu.externaltools.gnu-tools-for-stm32.13.3.rel1.linux64_1.0.0.202410170706/tools/bin/../lib/gcc/arm-none-eabi/13.3.1/../../../../arm-none-eabi/lib/thumb/v7-m/nofp/libc_nano.a(libc_a-findfp.o)
 .debug_frame   0x00002c5c       0x4c /opt/st/stm32cubeide_1.19.0/plugins/com.st.stm32cube.ide.mcu.externaltools.gnu-tools-for-stm32.13.3.rel1.linux64_1.0.0.202410170706/tools/bin/../lib/gcc/arm-none-eabi/13.3.1/../../../../arm-none-eabi/lib/thumb/v7-m/nofp/libc_nano.a(libc_a-vsnprintf.o)
 .debug_frame   0x00002ca8       0x20 /opt/st/stm32cubeide_1.19.0/plugins/com.st.stm32cube.ide.mcu.externaltools.gnu-tools-for-stm32.13.3.rel1.linux64_1.0.0.202410170706/tools/bin/../lib/gcc/arm-none-eabi/13.3.1/../../../../arm-none-eabi/lib/thumb/v7-m/nofp/libc_nano.a(libc_a-memset.o)
 .debug_frame   0x00002cc8       0x38 /opt/st/stm32cubeide_1.19.0/plugins/com.st.stm32cube.ide.mcu.externaltools.gnu-tools-for-stm32.13.3.rel1.linux64_1.0.0.202410170706/tools/bin/../lib/gcc/arm-none-eabi/13.3.1/../../../../arm-none-eabi/lib/thumb/v7-m/nofp/libc_nano.a(libc_a-reent.o)
 .debug_frame   0x00002d00       0x20 /opt/st/stm32cubeide_1.19.0/plugins/com.st.stm32cube.ide.mcu.externaltools.gnu-tools-for-stm32.13.3.rel1.linux64_1.0.0.202410170706/tools/bin/../lib/gcc/arm-none-eabi/13.3.1/../../../../arm-none-eabi/lib/thumb/v7-m/nofp/libc_nano.a(libc_a-errno.o)
 .debug_frame   0x00002d20       0x2c /opt/st/stm32cubeide_1.19.0/plugins/com.st.stm32cube.ide.mcu.externaltools.gnu-tools-for-stm32.13.3.rel1.linux64_1.0.0.202410170706/tools/bin/../lib/gcc/arm-none-eabi/13.3.1/../../../../arm-none-eabi/lib/thumb/v7-m/nofp/libc_nano.a(libc_a-init.o)
 .debug_frame   0x00002d4c       0xb0 /opt/st/stm32cubeide_1.19.0/plugins/com.st.stm32cube.ide.mcu.externaltools.gnu-tools-for-stm32.13.3.rel1.linux64_1.0.0.202410170706/tools/bin/../lib/gcc/arm-none-eabi/13.3.1/../../../../arm-none-eabi/lib/thumb/v7-m/nofp/libc_nano.a(libc_a-lock.o)
 .debug_frame   0x00002dfc       0x28 /opt/st/stm32cubeide_1.19.0/plugins/com.st.stm32cube.ide.mcu.externaltools.gnu-tools-for-stm32.13.3.rel1.linux64_1.0.0.202410170706/tools/bin/../lib/gcc/arm-none-eabi/13.3.1/../../../../arm-none-eabi/lib/thumb/v7-m/nofp/libc_nano.a(libc_a-memcpy-stub.o)
 .debug_frame   0x00002e24       0x38 /opt/st/stm32cubeide_1.19.0/plugins/com.st.stm32cube.ide.mcu.externaltools.gnu-tools-for-stm32.13.3.rel1.linux64_1.0.0.202410170706/tools/bin/../lib/gcc/arm-none-eabi/13.3.1/../../../../arm-none-eabi/lib/thumb/v7-m/nofp/libc_nano.a(libc_a-freer.o)
 .debug_frame   0x00002e5c       0x50 /opt/st/stm32cubeide_1.19.0/plugins/com.st.stm32cube.ide.mcu.externaltools.gnu-tools-for-stm32.13.3.rel1.linux64_1.0.0.202410170706/tools/bin/../lib/gcc/arm-none-eabi/13.3.1/../../../../arm-none-eabi/lib/thumb/v7-m/nofp/libc_nano.a(libc_a-mallocr.o)
 .debug_frame   0x00002eac       0x30 /opt/st/stm32cubeide_1.19.0/plugins/com.st.stm32cube.ide.mcu.externaltools.gnu-tools-for-stm32.13.3.rel1.linux64_1.0.0.202410170706/tools/bin/../lib/gcc/arm-none-eabi/13.3.1/../../../../arm-none-eabi/lib/thumb/v7-m/nofp/libc_nano.a(libc_a-mlock.o)
 .debug_frame   0x00002edc       0x90 /opt/st/stm32cubeide_1.19.0/plugins/com.st.stm32cube.ide.mcu.externaltools.gnu-tools-for-stm32.13.3.rel1.linux64_1.0.0.202410170706/tools/bin/../lib/gcc/arm-none-eabi/13.3.1/../../../../arm-none-eabi/lib/thumb/v7-m/nofp/libc_nano.a(libc_a-nano-svfprintf.o)
 .debug_frame   0x00002f6c       0x60 /opt/st/stm32cubeide_1.19.0/plugins/com.st.stm32cube.ide.mcu.externaltools.gnu-tools-for-stm32.13.3.rel1.linux64_1.0.0.202410170706/tools/bin/../lib/gcc/arm-none-eabi/13.3.1/../../../../arm-none-eabi/lib/thumb/v7-m/nofp/libc_nano.a(libc_a-nano-vfprintf_i.o)
 .debug_frame   0x00002fcc       0x28 /opt/st/stm32cubeide_1.19.0/plugins/com.st.stm32cube.ide.mcu.externaltools.gnu-tools-for-stm32.13.3.rel1.linux64_1.0.0.202410170706/tools/bin/../lib/gcc/arm-none-eabi/13.3.1/../../../../arm-none-eabi/lib/thumb/v7-m/nofp/libc_nano.a(libc_a-memmove.o)
 .debug_frame   0x00002ff4       0x2c /opt/st/stm32cubeide_1.19.0/plugins/com.st.stm32cube.ide.mcu.externaltools.gnu-tools-for-stm32.13.3.rel1.linux64_1.0.0.202410170706/tools/bin/../lib/gcc/arm-none-eabi/13.3.1/../../../../arm-none-eabi/lib/thumb/v7-m/nofp/libc_nano.a(libc_a-sbrkr.o)
 .debug_frame   0x00003020       0x28 /opt/st/stm32cubeide_1.19.0/plugins/com.st.stm32cube.ide.mcu.externaltools.gnu-tools-for-stm32.13.3.rel1.linux64_1.0.0.202410170706/tools/bin/../lib/gcc/arm-none-eabi/13.3.1/../../../../arm-none-eabi/lib/thumb/v7-m/nofp/libc_nano.a(libc_a-memchr-stub.o)
 .debug_frame   0x00003048       0x3c /opt/st/stm32cubeide_1.19.0/plugins/com.st.stm32cube.ide.mcu.externaltools.gnu-tools-for-stm32.13.3.rel1.linux64_1.0.0.202410170706/tools/bin/../lib/gcc/arm-none-eabi/13.3.1/../../../../arm-none-eabi/lib/thumb/v7-m/nofp/libc_nano.a(libc_a-reallocr.o)
 .debug_frame   0x00003084       0x20 /opt/st/stm32cubeide_1.19.0/plugins/com.st.stm32cube.ide.mcu.externaltools.gnu-tools-for-stm32.13.3.rel1.linux64_1.0.0.202410170706/tools/bin/../lib/gcc/arm-none-eabi/13.3.1/../../../../arm-none-eabi/lib/thumb/v7-m/nofp/libc_nano.a(libc_a-msizer.o)
 .debug_frame   0x000030a4       0x2c /opt/st/stm32cubeide_1.19.0/plugins/com.st.stm32cube.ide.mcu.externaltools.gnu-tools-for-stm32.13.3.rel1.linux64_1.0.0.202410170706/tools/bin/../lib/gcc/arm-none-eabi/13.3.1/thumb/v7-m/nofp/libgcc.a(_aeabi_uldivmod.o)
 .debug_frame   0x000030d0       0x34 /opt/st/stm32cubeide_1.19.0/plugins/com.st.stm32cube.ide.mcu.externaltools.gnu-tools-for-stm32.13.3.rel1.linux64_1.0.0.202410170706/tools/bin/../lib/gcc/arm-none-eabi/13.3.1/thumb/v7-m/nofp/libgcc.a(_udivmoddi4.o)

.debug_line_str
                0x00000000       0x6a
 .debug_line_str
                0x00000000       0x6a ./Core/Startup/startup_stm32f207zgtx.o
