../Core/Src/main.c:167:13:UART3_Print	1
../Core/Src/main.c:172:13:UART3_Printf	1
../Core/Src/main.c:197:6:HAL_UART_RxCpltCallback	15
../Core/Src/main.c:432:6:HAL_UART_TxCpltCallback	3
../Core/Src/main.c:447:6:UART2_StartReceiveIT	1
../Core/Src/main.c:465:6:RS485_RX_Mode	1
../Core/Src/main.c:480:6:RS485_TX_Mode	1
../Core/Src/main.c:495:6:RS485_REV_RX_Mode	1
../Core/Src/main.c:511:6:RS485_REV_TX_Mode	1
../Core/Src/main.c:532:6:send_status_response	6
../Core/Src/main.c:673:6:handle_status_request	2
../Core/Src/main.c:697:6:handle_data_packet	3
../Core/Src/main.c:724:9:receive_packet	14
../Core/Src/main.c:842:6:handle_status_request_reverse	2
../Core/Src/main.c:880:6:handle_data_packet_reverse	4
../Core/Src/main.c:948:6:UART5_StartReceiveIT	1
../Core/Src/main.c:966:6:send_status_response_reverse	6
../Core/Src/main.c:1104:5:main	13
../Core/Src/main.c:1320:6:SystemClock_Config	3
../Core/Src/main.c:1362:13:MX_ETH_Init	2
../Core/Src/main.c:1409:13:MX_UART5_Init	2
../Core/Src/main.c:1442:13:MX_USART2_UART_Init	2
../Core/Src/main.c:1475:13:MX_USART3_UART_Init	2
../Core/Src/main.c:1508:13:MX_USB_OTG_FS_PCD_Init	2
../Core/Src/main.c:1542:13:MX_GPIO_Init	1
../Core/Src/main.c:1612:6:Error_Handler	1
